###############################################################################
#
# IAR ELF Linker V8.50.1.245/W32 for ARM                  31/Mar/2020  09:02:43
# Copyright 2007-2020 IAR Systems AB.
#
#    Output file  =
#        C:\Users\Nathan\Desktop\Formula SAE (Desktop Only)\File from
#        Messenger\STM32Cube_FW_F7_V1.9.0\Projects\STM32746G-Discovery\Applications\STemWin\STemWin_HelloWorld\EWARM\STM32746G_DISCOVERY\Exe\Project.out
#    Map file     =
#        C:\Users\Nathan\Desktop\Formula SAE (Desktop Only)\File from
#        Messenger\STM32Cube_FW_F7_V1.9.0\Projects\STM32746G-Discovery\Applications\STemWin\STemWin_HelloWorld\EWARM\STM32746G_DISCOVERY\List\Project.map
#    Command line =
#        -f C:\Users\Nathan\AppData\Local\Temp\EW3D5E.tmp
#        ("C:\Users\Nathan\Desktop\Formula SAE (Desktop Only)\File from
#        Messenger\STM32Cube_FW_F7_V1.9.0\Projects\STM32746G-Discovery\Applications\STemWin\STemWin_HelloWorld\EWARM\STM32746G_DISCOVERY\Obj\BASIC_HelloWorld.o"
#        "C:\Users\Nathan\Desktop\Formula SAE (Desktop Only)\File from
#        Messenger\STM32Cube_FW_F7_V1.9.0\Projects\STM32746G-Discovery\Applications\STemWin\STemWin_HelloWorld\EWARM\STM32746G_DISCOVERY\Obj\GUI_X.o"
#        "C:\Users\Nathan\Desktop\Formula SAE (Desktop Only)\File from
#        Messenger\STM32Cube_FW_F7_V1.9.0\Projects\STM32746G-Discovery\Applications\STemWin\STemWin_HelloWorld\EWARM\STM32746G_DISCOVERY\Obj\GUIConf.o"
#        "C:\Users\Nathan\Desktop\Formula SAE (Desktop Only)\File from
#        Messenger\STM32Cube_FW_F7_V1.9.0\Projects\STM32746G-Discovery\Applications\STemWin\STemWin_HelloWorld\EWARM\STM32746G_DISCOVERY\Obj\LCDConf.o"
#        "C:\Users\Nathan\Desktop\Formula SAE (Desktop Only)\File from
#        Messenger\STM32Cube_FW_F7_V1.9.0\Projects\STM32746G-Discovery\Applications\STemWin\STemWin_HelloWorld\EWARM\STM32746G_DISCOVERY\Obj\main.o"
#        "C:\Users\Nathan\Desktop\Formula SAE (Desktop Only)\File from
#        Messenger\STM32Cube_FW_F7_V1.9.0\Projects\STM32746G-Discovery\Applications\STemWin\STemWin_HelloWorld\EWARM\STM32746G_DISCOVERY\Obj\startup_stm32f746xx.o"
#        "C:\Users\Nathan\Desktop\Formula SAE (Desktop Only)\File from
#        Messenger\STM32Cube_FW_F7_V1.9.0\Middlewares\ST\STemWin\Lib\STemWin540_CM7_IAR.a"
#        "C:\Users\Nathan\Desktop\Formula SAE (Desktop Only)\File from
#        Messenger\STM32Cube_FW_F7_V1.9.0\Projects\STM32746G-Discovery\Applications\STemWin\STemWin_HelloWorld\EWARM\STM32746G_DISCOVERY\Obj\stm32746g_discovery.o"
#        "C:\Users\Nathan\Desktop\Formula SAE (Desktop Only)\File from
#        Messenger\STM32Cube_FW_F7_V1.9.0\Projects\STM32746G-Discovery\Applications\STemWin\STemWin_HelloWorld\EWARM\STM32746G_DISCOVERY\Obj\stm32746g_discovery_sdram.o"
#        "C:\Users\Nathan\Desktop\Formula SAE (Desktop Only)\File from
#        Messenger\STM32Cube_FW_F7_V1.9.0\Projects\STM32746G-Discovery\Applications\STemWin\STemWin_HelloWorld\EWARM\STM32746G_DISCOVERY\Obj\stm32f7xx_hal.o"
#        "C:\Users\Nathan\Desktop\Formula SAE (Desktop Only)\File from
#        Messenger\STM32Cube_FW_F7_V1.9.0\Projects\STM32746G-Discovery\Applications\STemWin\STemWin_HelloWorld\EWARM\STM32746G_DISCOVERY\Obj\stm32f7xx_hal_can.o"
#        "C:\Users\Nathan\Desktop\Formula SAE (Desktop Only)\File from
#        Messenger\STM32Cube_FW_F7_V1.9.0\Projects\STM32746G-Discovery\Applications\STemWin\STemWin_HelloWorld\EWARM\STM32746G_DISCOVERY\Obj\stm32f7xx_hal_cortex.o"
#        "C:\Users\Nathan\Desktop\Formula SAE (Desktop Only)\File from
#        Messenger\STM32Cube_FW_F7_V1.9.0\Projects\STM32746G-Discovery\Applications\STemWin\STemWin_HelloWorld\EWARM\STM32746G_DISCOVERY\Obj\stm32f7xx_hal_dma.o"
#        "C:\Users\Nathan\Desktop\Formula SAE (Desktop Only)\File from
#        Messenger\STM32Cube_FW_F7_V1.9.0\Projects\STM32746G-Discovery\Applications\STemWin\STemWin_HelloWorld\EWARM\STM32746G_DISCOVERY\Obj\stm32f7xx_hal_dma2d.o"
#        "C:\Users\Nathan\Desktop\Formula SAE (Desktop Only)\File from
#        Messenger\STM32Cube_FW_F7_V1.9.0\Projects\STM32746G-Discovery\Applications\STemWin\STemWin_HelloWorld\EWARM\STM32746G_DISCOVERY\Obj\stm32f7xx_hal_flash.o"
#        "C:\Users\Nathan\Desktop\Formula SAE (Desktop Only)\File from
#        Messenger\STM32Cube_FW_F7_V1.9.0\Projects\STM32746G-Discovery\Applications\STemWin\STemWin_HelloWorld\EWARM\STM32746G_DISCOVERY\Obj\stm32f7xx_hal_flash_ex.o"
#        "C:\Users\Nathan\Desktop\Formula SAE (Desktop Only)\File from
#        Messenger\STM32Cube_FW_F7_V1.9.0\Projects\STM32746G-Discovery\Applications\STemWin\STemWin_HelloWorld\EWARM\STM32746G_DISCOVERY\Obj\stm32f7xx_hal_gpio.o"
#        "C:\Users\Nathan\Desktop\Formula SAE (Desktop Only)\File from
#        Messenger\STM32Cube_FW_F7_V1.9.0\Projects\STM32746G-Discovery\Applications\STemWin\STemWin_HelloWorld\EWARM\STM32746G_DISCOVERY\Obj\stm32f7xx_hal_i2c.o"
#        "C:\Users\Nathan\Desktop\Formula SAE (Desktop Only)\File from
#        Messenger\STM32Cube_FW_F7_V1.9.0\Projects\STM32746G-Discovery\Applications\STemWin\STemWin_HelloWorld\EWARM\STM32746G_DISCOVERY\Obj\stm32f7xx_hal_i2c_ex.o"
#        "C:\Users\Nathan\Desktop\Formula SAE (Desktop Only)\File from
#        Messenger\STM32Cube_FW_F7_V1.9.0\Projects\STM32746G-Discovery\Applications\STemWin\STemWin_HelloWorld\EWARM\STM32746G_DISCOVERY\Obj\stm32f7xx_hal_ltdc.o"
#        "C:\Users\Nathan\Desktop\Formula SAE (Desktop Only)\File from
#        Messenger\STM32Cube_FW_F7_V1.9.0\Projects\STM32746G-Discovery\Applications\STemWin\STemWin_HelloWorld\EWARM\STM32746G_DISCOVERY\Obj\stm32f7xx_hal_pwr.o"
#        "C:\Users\Nathan\Desktop\Formula SAE (Desktop Only)\File from
#        Messenger\STM32Cube_FW_F7_V1.9.0\Projects\STM32746G-Discovery\Applications\STemWin\STemWin_HelloWorld\EWARM\STM32746G_DISCOVERY\Obj\stm32f7xx_hal_pwr_ex.o"
#        "C:\Users\Nathan\Desktop\Formula SAE (Desktop Only)\File from
#        Messenger\STM32Cube_FW_F7_V1.9.0\Projects\STM32746G-Discovery\Applications\STemWin\STemWin_HelloWorld\EWARM\STM32746G_DISCOVERY\Obj\stm32f7xx_hal_rcc.o"
#        "C:\Users\Nathan\Desktop\Formula SAE (Desktop Only)\File from
#        Messenger\STM32Cube_FW_F7_V1.9.0\Projects\STM32746G-Discovery\Applications\STemWin\STemWin_HelloWorld\EWARM\STM32746G_DISCOVERY\Obj\stm32f7xx_hal_rcc_ex.o"
#        "C:\Users\Nathan\Desktop\Formula SAE (Desktop Only)\File from
#        Messenger\STM32Cube_FW_F7_V1.9.0\Projects\STM32746G-Discovery\Applications\STemWin\STemWin_HelloWorld\EWARM\STM32746G_DISCOVERY\Obj\stm32f7xx_hal_sdram.o"
#        "C:\Users\Nathan\Desktop\Formula SAE (Desktop Only)\File from
#        Messenger\STM32Cube_FW_F7_V1.9.0\Projects\STM32746G-Discovery\Applications\STemWin\STemWin_HelloWorld\EWARM\STM32746G_DISCOVERY\Obj\stm32f7xx_hal_tim.o"
#        "C:\Users\Nathan\Desktop\Formula SAE (Desktop Only)\File from
#        Messenger\STM32Cube_FW_F7_V1.9.0\Projects\STM32746G-Discovery\Applications\STemWin\STemWin_HelloWorld\EWARM\STM32746G_DISCOVERY\Obj\stm32f7xx_hal_tim_ex.o"
#        "C:\Users\Nathan\Desktop\Formula SAE (Desktop Only)\File from
#        Messenger\STM32Cube_FW_F7_V1.9.0\Projects\STM32746G-Discovery\Applications\STemWin\STemWin_HelloWorld\EWARM\STM32746G_DISCOVERY\Obj\stm32f7xx_hal_uart.o"
#        "C:\Users\Nathan\Desktop\Formula SAE (Desktop Only)\File from
#        Messenger\STM32Cube_FW_F7_V1.9.0\Projects\STM32746G-Discovery\Applications\STemWin\STemWin_HelloWorld\EWARM\STM32746G_DISCOVERY\Obj\stm32f7xx_it.o"
#        "C:\Users\Nathan\Desktop\Formula SAE (Desktop Only)\File from
#        Messenger\STM32Cube_FW_F7_V1.9.0\Projects\STM32746G-Discovery\Applications\STemWin\STemWin_HelloWorld\EWARM\STM32746G_DISCOVERY\Obj\stm32f7xx_ll_fmc.o"
#        "C:\Users\Nathan\Desktop\Formula SAE (Desktop Only)\File from
#        Messenger\STM32Cube_FW_F7_V1.9.0\Projects\STM32746G-Discovery\Applications\STemWin\STemWin_HelloWorld\EWARM\STM32746G_DISCOVERY\Obj\system_stm32f7xx.o"
#        --redirect _Printf=_PrintfSmall --redirect _Scanf=_ScanfSmall
#        --no_out_extension -o "C:\Users\Nathan\Desktop\Formula SAE (Desktop
#        Only)\File from
#        Messenger\STM32Cube_FW_F7_V1.9.0\Projects\STM32746G-Discovery\Applications\STemWin\STemWin_HelloWorld\EWARM\STM32746G_DISCOVERY\Exe\Project.out"
#        --map "C:\Users\Nathan\Desktop\Formula SAE (Desktop Only)\File from
#        Messenger\STM32Cube_FW_F7_V1.9.0\Projects\STM32746G-Discovery\Applications\STemWin\STemWin_HelloWorld\EWARM\STM32746G_DISCOVERY\List\Project.map"
#        --config "C:\Program Files (x86)\IAR Systems\Embedded Workbench
#        8.4\arm\config\linker\ST\stm32f746xG.icf" --semihosting --entry
#        __iar_program_start --vfe --text_out locale)
#
###############################################################################

*******************************************************************************
*** MESSAGES
***

Warning[Lt009]: Inconsistent wchar_t size
            GUI_Core.o(STemWin540_CM7_IAR.a) and 94 other objects in
                      STemWin540_CM7_IAR.a have wchar_t size 16 bits
            BASIC_HelloWorld.o and 43 other objects, some of them in rt7M_tl.a
                      and 5 other libraries have wchar_t size 32 bits


*******************************************************************************
*** RUNTIME MODEL ATTRIBUTES
***

CppFlavor       = *
__SystemLibrary = DLib
__dlib_version  = 6


*******************************************************************************
*** HEAP SELECTION
***

The basic heap was selected because no calls to memory allocation
functions were found in the application outside of system library
functions, and there are calls to deallocation functions in the
application.


*******************************************************************************
*** PLACEMENT SUMMARY
***

"A0":  place at address 0x20'0000 { ro section .intvec };
"P1":  place in [from 0x20'0000 to 0x2f'ffff] { ro };
define block CSTACK with size = 8K, alignment = 8 { };
define block PROC_STACK with size = 0, alignment = 8 { };
"P4":  place in [from 0x2000'0000 to 0x2000'ffff] {
          block CSTACK, block PROC_STACK };
define block HEAP with size = 8K, alignment = 8 { };
"P5":  place in [from 0x2001'0000 to 0x2004'bfff] |
                [from 0x2004'c000 to 0x2004'ffff] { rw, block HEAP };
initialize by copy { rw };

No sections matched the following patterns:

  ro section application_specific_ro  in "P2|P7"
  rw section application_specific_rw  in "P2|P7"
  section .backup_sram                in "P6"
  section .textrw                     in "P3"


  Section            Kind         Address      Size  Object
  -------            ----         -------      ----  ------
"A0":                                         0x1c8
  .intvec            ro code    0x20'0000     0x1c8  startup_stm32f746xx.o [1]
                              - 0x20'01c8     0x1c8

"P1":                                      0x1'1abe
  .rodata            const      0x20'01c8    0x1fb0  F32B_1.o [2]
  .rodata            const      0x20'2178    0x1e84  F32B_ASCII.o [2]
  .rodata            const      0x20'3ffc    0x108c  F20B_1.o [2]
  .rodata            const      0x20'5088    0x1024  F20B_ASCII.o [2]
  .text              ro code    0x20'60ac     0xb6c  WM.o [2]
  .text              ro code    0x20'6c18      0x30  LCD_SetClipRectEx.o [2]
  .text              ro code    0x20'6c48     0x4fc  GUI_Alloc.o [2]
  .text              ro code    0x20'7144      0xf2  GUI__Private.o [2]
  .text              ro code    0x20'7236      0x3a  zero_init3.o [5]
  .text              ro code    0x20'7270     0x234  GUI_Common.o [2]
  .text              ro code    0x20'74a4      0xa6  ABImemcpy.o [5]
  .text              ro code    0x20'754a      0x1e  GUICC_M8888I_Index2Color.o [2]
  .text              ro code    0x20'7568      0x10  GUI_WaitEvent.o [2]
  .text              ro code    0x20'7578      0x44  GUIDEV.o [2]
  .text              ro code    0x20'75bc      0xf4  WM_Lib.o [2]
  .text              ro code    0x20'76b0      0xa4  WM__Private.o [2]
  .text              ro code    0x20'7754      0x44  GUI_SelectLayer.o [2]
  .text              ro code    0x20'7798     0x4f8  LCD.o [2]
  .text              ro code    0x20'7c90      0x10  GUI_OnKey.o [2]
  .text              ro code    0x20'7ca0     0x23c  GUI_Core.o [2]
  .text              ro code    0x20'7edc     0x150  GUI_Device.o [2]
  .text              ro code    0x20'802c      0x96  ABImemmove.o [5]
  .text              ro code    0x20'80c2       0x2  GUICC_888_Index2Color.o [2]
  .text              ro code    0x20'80c4      0x18  LCD_GetColorIndex.o [2]
  .text              ro code    0x20'80dc      0x44  LCD_SelectLCD.o [2]
  .text              ro code    0x20'8120      0x24  LCD_UpdateColorIndices.o [2]
  .text              ro code    0x20'8144      0x4e  GUIDEV_Usage.o [2]
  .text              ro code    0x20'8192       0x2  GUICC_8888_Index2Color.o [2]
  .text              ro code    0x20'8194      0xf6  LCD_Set.o [2]
  .text              ro code    0x20'828c      0xbc  LCD_Color.o [2]
  .text              ro code    0x20'8348      0x10  GUIConf.o [1]
  .text              ro code    0x20'8358     0x670  LCDConf.o [1]
  .text              ro code    0x20'89c8       0x2  GUI_X.o [1]
  .text              ro code    0x20'89cc      0xc0  LCD_GetEx.o [2]
  .text              ro code    0x20'8a8c      0x1a  LCD_GetNumDisplays.o [2]
  .text              ro code    0x20'8aa8     0x464  stm32f7xx_hal_rcc_ex.o [1]
  .text              ro code    0x20'8f0c     0x200  stm32f7xx_hal_gpio.o [1]
  .text              ro code    0x20'910c      0xc8  stm32f7xx_hal_cortex.o [1]
  .text              ro code    0x20'91d4      0xa8  GUI_MULTIBUF.o [2]
  .text              ro code    0x20'927c     0x54c  stm32f7xx_hal_ltdc.o [1]
  .text              ro code    0x20'97c8      0x56  stm32f7xx_hal_dma2d.o [1]
  .text              ro code    0x20'9820       0xc  stm32f7xx_hal.o [1]
  .text              ro code    0x20'982c       0x2  stm32f7xx_hal_ltdc.o [1]
  .text              ro code    0x20'982e       0x2  stm32f7xx_hal_ltdc.o [1]
  .text              ro code    0x20'9830     0xaf8  GUIDRV_Lin_32.o [2]
  .rodata            const      0x20'a328     0xae0  F16B_1.o [2]
  .rodata            const      0x20'ae08     0xa64  F16B_ASCII.o [2]
  .text              ro code    0x20'b86c     0x974  GUIDEV_32.o [2]
  .rodata            const      0x20'c1e0     0x7d8  F10_1.o [2]
  .rodata            const      0x20'c9b8     0x7a0  F10_ASCII.o [2]
  .rodata            const      0x20'd158     0x718  F6x8.o [2]
  .text              ro code    0x20'd870     0x670  stm32f7xx_hal_can.o [1]
  .text              ro code    0x20'dee0       0x2  stm32f7xx_hal_can.o [1]
  .text              ro code    0x20'dee2       0x2  stm32f7xx_hal_can.o [1]
  .text              ro code    0x20'dee4       0x2  stm32f7xx_hal_can.o [1]
  .text              ro code    0x20'dee6       0x2  stm32f7xx_hal_can.o [1]
  .text              ro code    0x20'dee8       0x2  stm32f7xx_hal_can.o [1]
  .text              ro code    0x20'deea       0x2  stm32f7xx_hal_can.o [1]
  .text              ro code    0x20'deec       0x2  stm32f7xx_hal_can.o [1]
  .text              ro code    0x20'def0     0x3ec  main.o [1]
  .text              ro code    0x20'e2dc       0x2  stm32f7xx_hal_can.o [1]
  .text              ro code    0x20'e2de       0x2  stm32f7xx_hal_can.o [1]
  .text              ro code    0x20'e2e0       0x2  stm32f7xx_hal_can.o [1]
  .text              ro code    0x20'e2e2       0x2  stm32f7xx_hal_can.o [1]
  .text              ro code    0x20'e2e4       0x2  stm32f7xx_hal_can.o [1]
  .text              ro code    0x20'e2e6      0x24  GUI_Val.o [2]
  .text              ro code    0x20'e30c     0x27a  stm32f7xx_hal_tim.o [1]
  .text              ro code    0x20'e588      0x26  stm32f7xx_hal.o [1]
  .text              ro code    0x20'e5b0     0x468  stm32f7xx_hal_rcc.o [1]
  .text              ro code    0x20'ea18     0x26c  stm32746g_discovery_sdram.o [1]
  .text              ro code    0x20'ec84     0x104  GUI_DispString.o [2]
  .text              ro code    0x20'ed88     0x548  BASIC_HelloWorld.o [1]
  .text              ro code    0x20'f2d0       0x2  stm32f7xx_hal_tim.o [1]
  .text              ro code    0x20'f2d2       0x2  stm32f7xx_hal_tim.o [1]
  .text              ro code    0x20'f2d4       0x2  stm32f7xx_hal_tim_ex.o [1]
  .text              ro code    0x20'f2d6       0x2  stm32f7xx_hal_tim.o [1]
  .text              ro code    0x20'f2d8       0x2  stm32f7xx_hal_tim_ex.o [1]
  .text              ro code    0x20'f2da       0x2  stm32f7xx_hal_tim.o [1]
  .text              ro code    0x20'f2dc      0x40  stm32f7xx_hal.o [1]
  .text              ro code    0x20'f31c     0x106  I64DivMod_small.o [5]
  .text              ro code    0x20'f424      0x9c  stm32f7xx_hal_sdram.o [1]
  .text              ro code    0x20'f4c0      0x28  stm32f7xx_hal.o [1]
  .text              ro code    0x20'f4e8     0x188  stm32f7xx_hal_dma.o [1]
  .text              ro code    0x20'f670      0x54  GUI_Char.o [2]
  .text              ro code    0x20'f6c4     0x1d4  GUI_CharLine.o [2]
  .text              ro code    0x20'f898      0x4c  GUI_UC.o [2]
  .text              ro code    0x20'f8e4     0x4f8  GUI_DrawLine.o [2]
  .text              ro code    0x20'fddc     0x3f0  GUI_Arc.o [2]
  .text              ro code    0x21'01cc       0x2  I64DivZer.o [5]
  .text              ro code    0x21'01d0     0x124  stm32f7xx_ll_fmc.o [1]
  .text              ro code    0x21'02f4      0xd0  GUI__ManageCache.o [2]
  .text              ro code    0x21'03c4      0x24  GUI_DrawLib.o [2]
  .text              ro code    0x21'03e8     0x1e8  GUI_FillPolygon.o [2]
  .text              ro code    0x21'05d0     0x1f4  GUI__SinHQ.o [2]
  .text              ro code    0x21'07c4      0x48  FltToDbl.o [4]
  .text              ro code    0x21'080c      0x66  ceil.o [4]
  .text              ro code    0x21'0874      0x3a  DblToS32.o [4]
  .text              ro code    0x21'08b0      0x68  floor.o [4]
  .text              ro code    0x21'0918      0xac  GUI_Circ.o [2]
  .text              ro code    0x21'09c4     0x2f4  GUI__Alpha.o [2]
  .text              ro code    0x21'0cb8     0x1a8  LCD_ReadRect.o [2]
  .text              ro code    0x21'0e60     0x120  GUI__ExpandPixelIndices.o [2]
  .text              ro code    0x21'0f80     0x1a8  GUIDEV_WriteToActiveAlpha.o [2]
  .text              ro code    0x21'1128      0x1c  GUIDEV_GetDataPtr.o [2]
  .text              ro code    0x21'1144     0x156  GUI__CompactPixelIndices.o [2]
  .text              ro code    0x21'129c     0x170  GUI_CharM.o [2]
  .text              ro code    0x21'140c     0x12c  GUI_CharP.o [2]
  .rodata            const      0x21'1538     0x100  LCD_Mirror.o [2]
  .text              ro code    0x21'1638      0xb8  GUICC_0.o [2]
  .text              ro code    0x21'16f0      0x9c  packbits_init.o [5]
  .text              ro code    0x21'178c       0x6  abort.o [3]
  .text              ro code    0x21'1794      0x14  exit.o [6]
  .text              ro code    0x21'17a8      0x84  GUICC_M8888I.o [2]
  .text              ro code    0x21'182c      0x66  ABImemset.o [5]
  .text              ro code    0x21'1894      0x60  system_stm32f7xx.o [1]
  .text              ro code    0x21'18f4      0x44  stm32f7xx_it.o [1]
  .text              ro code    0x21'1938      0x10  stm32f7xx_hal.o [1]
  .rodata            const      0x21'1948      0x34  GUIDRV_Lin_32.o [2]
  .text              ro code    0x21'197c      0x28  data_init.o [5]
  .text              ro code    0x21'19a4      0x24  GUI_UC_EncodeNone.o [2]
  .text              ro code    0x21'19c8      0x22  fpinit_M.o [4]
  .iar.init_table    const      0x21'19ec      0x2c  - Linker created -
  .text              ro code    0x21'1a18      0x1e  cmain.o [5]
  .text              ro code    0x21'1a36       0x4  low_level_init.o [3]
  .text              ro code    0x21'1a3a       0x4  exit.o [3]
  .text              ro code    0x21'1a40       0xa  cexit.o [5]
  .rodata            const      0x21'1a4c      0x18  GUICC_M8888I.o [2]
  .rodata            const      0x21'1a64      0x18  GUICC_0.o [2]
  .text              ro code    0x21'1a7c      0x14  memset.o [5]
  .text              ro code    0x21'1a90      0x10  startup_stm32f746xx.o [1]
  .rodata            const      0x21'1aa0       0xc  LCD.o [2]
  .text              ro code    0x21'1aac       0xc  cstartup_M.o [5]
  .text              ro code    0x21'1ab8       0xc  memcpy.o [5]
  .text              ro code    0x21'1ac4       0x4  startup_stm32f746xx.o [1]
  .text              ro code    0x21'1ac8       0x4  startup_stm32f746xx.o [1]
  .text              ro code    0x21'1acc       0x4  startup_stm32f746xx.o [1]
  .text              ro code    0x21'1ad0       0x4  startup_stm32f746xx.o [1]
  .text              ro code    0x21'1ad4       0x4  startup_stm32f746xx.o [1]
  .text              ro code    0x21'1ad8       0x4  startup_stm32f746xx.o [1]
  .text              ro code    0x21'1adc       0x4  startup_stm32f746xx.o [1]
  .text              ro code    0x21'1ae0       0x4  startup_stm32f746xx.o [1]
  .text              ro code    0x21'1ae4       0x4  startup_stm32f746xx.o [1]
  .text              ro code    0x21'1ae8       0x4  startup_stm32f746xx.o [1]
  .text              ro code    0x21'1aec       0x4  startup_stm32f746xx.o [1]
  .text              ro code    0x21'1af0       0x4  startup_stm32f746xx.o [1]
  .text              ro code    0x21'1af4       0x4  startup_stm32f746xx.o [1]
  .text              ro code    0x21'1af8       0x4  startup_stm32f746xx.o [1]
  .text              ro code    0x21'1afc       0x4  startup_stm32f746xx.o [1]
  .text              ro code    0x21'1b00       0x4  startup_stm32f746xx.o [1]
  .text              ro code    0x21'1b04       0x4  startup_stm32f746xx.o [1]
  .text              ro code    0x21'1b08       0x4  startup_stm32f746xx.o [1]
  .text              ro code    0x21'1b0c       0x4  startup_stm32f746xx.o [1]
  .text              ro code    0x21'1b10       0x4  startup_stm32f746xx.o [1]
  .text              ro code    0x21'1b14       0x4  startup_stm32f746xx.o [1]
  .text              ro code    0x21'1b18       0x4  startup_stm32f746xx.o [1]
  .text              ro code    0x21'1b1c       0x4  startup_stm32f746xx.o [1]
  .text              ro code    0x21'1b20       0x4  startup_stm32f746xx.o [1]
  .text              ro code    0x21'1b24       0x4  startup_stm32f746xx.o [1]
  .text              ro code    0x21'1b28       0x4  startup_stm32f746xx.o [1]
  .text              ro code    0x21'1b2c       0x4  startup_stm32f746xx.o [1]
  .text              ro code    0x21'1b30       0x4  startup_stm32f746xx.o [1]
  .text              ro code    0x21'1b34       0x4  startup_stm32f746xx.o [1]
  .text              ro code    0x21'1b38       0x4  startup_stm32f746xx.o [1]
  .text              ro code    0x21'1b3c       0x4  startup_stm32f746xx.o [1]
  .text              ro code    0x21'1b40       0x4  startup_stm32f746xx.o [1]
  .text              ro code    0x21'1b44       0x4  startup_stm32f746xx.o [1]
  .text              ro code    0x21'1b48       0x4  startup_stm32f746xx.o [1]
  .text              ro code    0x21'1b4c       0x4  startup_stm32f746xx.o [1]
  .text              ro code    0x21'1b50       0x4  startup_stm32f746xx.o [1]
  .text              ro code    0x21'1b54       0x4  startup_stm32f746xx.o [1]
  .text              ro code    0x21'1b58       0x4  startup_stm32f746xx.o [1]
  .text              ro code    0x21'1b5c       0x4  startup_stm32f746xx.o [1]
  .text              ro code    0x21'1b60       0x4  startup_stm32f746xx.o [1]
  .text              ro code    0x21'1b64       0x4  startup_stm32f746xx.o [1]
  .text              ro code    0x21'1b68       0x4  startup_stm32f746xx.o [1]
  .text              ro code    0x21'1b6c       0x4  startup_stm32f746xx.o [1]
  .text              ro code    0x21'1b70       0x4  startup_stm32f746xx.o [1]
  .text              ro code    0x21'1b74       0x4  startup_stm32f746xx.o [1]
  .text              ro code    0x21'1b78       0x4  startup_stm32f746xx.o [1]
  .text              ro code    0x21'1b7c       0x4  startup_stm32f746xx.o [1]
  .text              ro code    0x21'1b80       0x4  startup_stm32f746xx.o [1]
  .text              ro code    0x21'1b84       0x4  startup_stm32f746xx.o [1]
  .text              ro code    0x21'1b88       0x4  startup_stm32f746xx.o [1]
  .text              ro code    0x21'1b8c       0x4  startup_stm32f746xx.o [1]
  .text              ro code    0x21'1b90       0x4  startup_stm32f746xx.o [1]
  .text              ro code    0x21'1b94       0x4  startup_stm32f746xx.o [1]
  .text              ro code    0x21'1b98       0x4  startup_stm32f746xx.o [1]
  .text              ro code    0x21'1b9c       0x4  startup_stm32f746xx.o [1]
  .text              ro code    0x21'1ba0       0x4  startup_stm32f746xx.o [1]
  .text              ro code    0x21'1ba4       0x4  startup_stm32f746xx.o [1]
  .text              ro code    0x21'1ba8       0x4  startup_stm32f746xx.o [1]
  .text              ro code    0x21'1bac       0x4  startup_stm32f746xx.o [1]
  .text              ro code    0x21'1bb0       0x4  startup_stm32f746xx.o [1]
  .text              ro code    0x21'1bb4       0x4  startup_stm32f746xx.o [1]
  .text              ro code    0x21'1bb8       0x4  startup_stm32f746xx.o [1]
  .text              ro code    0x21'1bbc       0x4  startup_stm32f746xx.o [1]
  .text              ro code    0x21'1bc0       0x4  startup_stm32f746xx.o [1]
  .text              ro code    0x21'1bc4       0x4  startup_stm32f746xx.o [1]
  .text              ro code    0x21'1bc8       0x4  startup_stm32f746xx.o [1]
  .text              ro code    0x21'1bcc       0x4  startup_stm32f746xx.o [1]
  .text              ro code    0x21'1bd0       0x4  startup_stm32f746xx.o [1]
  .text              ro code    0x21'1bd4       0x4  startup_stm32f746xx.o [1]
  .text              ro code    0x21'1bd8       0x4  startup_stm32f746xx.o [1]
  .text              ro code    0x21'1bdc       0x4  startup_stm32f746xx.o [1]
  .text              ro code    0x21'1be0       0x4  startup_stm32f746xx.o [1]
  .text              ro code    0x21'1be4       0x4  startup_stm32f746xx.o [1]
  .text              ro code    0x21'1be8       0x4  startup_stm32f746xx.o [1]
  .text              ro code    0x21'1bec       0x4  startup_stm32f746xx.o [1]
  .text              ro code    0x21'1bf0       0x4  startup_stm32f746xx.o [1]
  .text              ro code    0x21'1bf4       0x4  startup_stm32f746xx.o [1]
  .text              ro code    0x21'1bf8       0x4  startup_stm32f746xx.o [1]
  .text              ro code    0x21'1bfc       0x4  startup_stm32f746xx.o [1]
  .text              ro code    0x21'1c00       0x4  startup_stm32f746xx.o [1]
  .text              ro code    0x21'1c04       0x4  startup_stm32f746xx.o [1]
  .text              ro code    0x21'1c08       0x4  startup_stm32f746xx.o [1]
  .text              ro code    0x21'1c0c       0x4  startup_stm32f746xx.o [1]
  .text              ro code    0x21'1c10       0x4  startup_stm32f746xx.o [1]
  .text              ro code    0x21'1c14       0x4  startup_stm32f746xx.o [1]
  .text              ro code    0x21'1c18       0x4  startup_stm32f746xx.o [1]
  .text              ro code    0x21'1c1c       0x4  startup_stm32f746xx.o [1]
  .text              ro code    0x21'1c20       0x4  startup_stm32f746xx.o [1]
  .text              ro code    0x21'1c24       0x4  startup_stm32f746xx.o [1]
  .text              ro code    0x21'1c28       0x4  startup_stm32f746xx.o [1]
  .text              ro code    0x21'1c2c       0x4  startup_stm32f746xx.o [1]
  .text              ro code    0x21'1c30       0x4  startup_stm32f746xx.o [1]
  .text              ro code    0x21'1c34       0x4  startup_stm32f746xx.o [1]
  .text              ro code    0x21'1c38       0x4  startup_stm32f746xx.o [1]
  .text              ro code    0x21'1c3c       0x4  startup_stm32f746xx.o [1]
  .rodata            const      0x21'1c40       0x0  zero_init3.o [5]
  .rodata            const      0x21'1c40       0x0  packbits_init.o [5]
  Initializer bytes  const      0x21'1c40      0x46  <for P5 s0>
                              - 0x21'1c86  0x1'1abe

"P4":                                        0x2000
  CSTACK                      0x2000'0000    0x2000  <Block>
    CSTACK           uninit   0x2000'0000    0x2000  <Block tail>
                            - 0x2000'2000    0x2000

"P5", part 1 of 2:                            0x160
  P5 s0                       0x2001'0000     0x160  <Init block>
    .data            inited   0x2001'0000      0x80  GUI_Core.o [2]
    .data            inited   0x2001'0080      0x64  stm32746g_discovery_sdram.o [1]
    .data            inited   0x2001'00e4      0x1c  GUI_Core.o [2]
    .data            inited   0x2001'0100      0x14  LCD_Color.o [2]
    .data            inited   0x2001'0114      0x14  WM_Touch.o [2]
    .data            inited   0x2001'0128      0x10  GUI_OnKey.o [2]
    .data            inited   0x2001'0138       0xc  stm32f7xx_hal.o [1]
    .data            inited   0x2001'0144       0x8  GUI__Alpha.o [2]
    .data            inited   0x2001'014c       0x4  system_stm32f7xx.o [1]
    .data            inited   0x2001'0150       0x4  LCD.o [2]
    .data            inited   0x2001'0154       0x4  GUI__Private.o [2]
    .data            inited   0x2001'0158       0x4  GUI__Private.o [2]
    .data            inited   0x2001'015c       0x4  GUI_CharLine.o [2]
                            - 0x2001'0160     0x160

"P5", part 2 of 2:                         0x2'5d60
  .bss               zero     0x2001'0160  0x2'5800  GUIConf.o [1]
  .bss               zero     0x2003'5960      0xc0  GUI_Alloc.o [2]
  .bss               zero     0x2003'5a20      0xa8  LCDConf.o [1]
  .bss               zero     0x2003'5ac8      0x84  LCDConf.o [1]
  .bss               zero     0x2003'5b4c      0x7c  WM.o [2]
  .bss               zero     0x2003'5bc8      0x60  stm32746g_discovery_sdram.o [1]
  .bss               zero     0x2003'5c28      0x5c  LCDConf.o [1]
  .bss               zero     0x2003'5c84      0x58  GUI_OnKey.o [2]
  .bss               zero     0x2003'5cdc      0x44  main.o [1]
  .bss               zero     0x2003'5d20      0x40  main.o [1]
  .bss               zero     0x2003'5d60      0x40  WM_Touch.o [2]
  .bss               zero     0x2003'5da0      0x28  main.o [1]
  .bss               zero     0x2003'5dc8      0x24  main.o [1]
  .bss               zero     0x2003'5dec      0x20  GUI_MULTIBUF.o [2]
  .bss               zero     0x2003'5e0c      0x1c  GUI_FillPolygon.o [2]
  .bss               zero     0x2003'5e28      0x1c  GUI__Alpha.o [2]
  .bss               zero     0x2003'5e44      0x14  GUI_Core.o [2]
  .bss               zero     0x2003'5e58      0x10  GUI__ManageCache.o [2]
  .bss               zero     0x2003'5e68       0xc  GUI_Alloc.o [2]
  .bss               zero     0x2003'5e74       0x8  GUI_MULTIBUF.o [2]
  .bss               zero     0x2003'5e7c       0x8  GUICC_M8888I.o [2]
  .bss               zero     0x2003'5e84       0x8  LCD_GetEx.o [2]
  .bss               zero     0x2003'5e8c       0x4  BASIC_HelloWorld.o [1]
  .bss               zero     0x2003'5e90       0x4  GUI_X.o [1]
  .bss               zero     0x2003'5e94       0x4  GUI_Core.o [2]
  .bss               zero     0x2003'5e98       0x4  GUI_Core.o [2]
  .bss               zero     0x2003'5e9c       0x4  GUI_Core.o [2]
  .bss               zero     0x2003'5ea0       0x4  GUI_Core.o [2]
  .bss               zero     0x2003'5ea4       0x4  GUI_Core.o [2]
  .bss               zero     0x2003'5ea8       0x4  GUI_MULTIBUF.o [2]
  .bss               zero     0x2003'5eac       0x4  WM.o [2]
  .bss               zero     0x2003'5eb0       0x4  GUI_WaitEvent.o [2]
  .bss               zero     0x2003'5eb4       0x4  WM__Private.o [2]
  .bss               zero     0x2003'5eb8       0x2  GUI_Core.o [2]
  .bss               zero     0x2003'5eba       0x2  GUI_Core.o [2]
  .bss               zero     0x2003'5ebc       0x2  GUI_Core.o [2]
  .bss               zero     0x2003'5ebe       0x1  GUI_Core.o [2]
                            - 0x2003'5ebf  0x2'5d5f

Unused ranges:

         From           To      Size
         ----           --      ----
    0x21'1c86    0x2f'ffff  0xe'e37a
  0x2000'2000  0x2000'ffff    0xe000
  0x2003'5ec0  0x2004'bfff  0x1'6140
  0x2004'c000  0x2004'ffff    0x4000


*******************************************************************************
*** INIT TABLE
***

          Address      Size
          -------      ----
Zero (__iar_zero_init3)
    1 destination range, total size 0x2'5d5f:
          0x2001'0160  0x2'5d5f

Copy/packbits (__iar_packbits_init3)
    1 source range, total size 0x46 (19% of destination):
            0x21'1c40      0x46
    1 destination range, total size 0x160:
          0x2001'0000     0x160



*******************************************************************************
*** MODULE SUMMARY
***

    Module                       ro code  ro data  rw data
    ------                       -------  -------  -------
command line/config:
    ------------------------------------------------------
    Total:

C:\Users\Nathan\Desktop\Formula SAE (Desktop Only)\File from Messenger\STM32Cube_FW_F7_V1.9.0\Projects\STM32746G-Discovery\Applications\STemWin\STemWin_HelloWorld\EWARM\STM32746G_DISCOVERY\Obj: [1]
    BASIC_HelloWorld.o             1'352                 4
    GUIConf.o                         16           153'600
    GUI_X.o                            2                 4
    LCDConf.o                      1'648               392
    main.o                         1'004               208
    startup_stm32f746xx.o            852
    stm32746g_discovery_sdram.o      620       20      196
    stm32f7xx_hal.o                  170        2       12
    stm32f7xx_hal_can.o            1'672
    stm32f7xx_hal_cortex.o           200
    stm32f7xx_hal_dma.o              392
    stm32f7xx_hal_dma2d.o             86
    stm32f7xx_hal_gpio.o             512
    stm32f7xx_hal_ltdc.o           1'360
    stm32f7xx_hal_rcc.o            1'128
    stm32f7xx_hal_rcc_ex.o         1'124
    stm32f7xx_hal_sdram.o            156
    stm32f7xx_hal_tim.o              642
    stm32f7xx_hal_tim_ex.o             4
    stm32f7xx_it.o                    68
    stm32f7xx_ll_fmc.o               292
    system_stm32f7xx.o                96                 4
    ------------------------------------------------------
    Total:                        13'396       22  154'420

STemWin540_CM7_IAR.a: [2]
    F10_1.o                                 2'008
    F10_ASCII.o                             1'952
    F16B_1.o                                2'784
    F16B_ASCII.o                            2'660
    F20B_1.o                                4'236
    F20B_ASCII.o                            4'132
    F32B_1.o                                8'112
    F32B_ASCII.o                            7'812
    F6x8.o                                  1'816
    GUICC_0.o                        184       24
    GUICC_8888_Index2Color.o           2
    GUICC_888_Index2Color.o            2
    GUICC_M8888I.o                   132       24        8
    GUICC_M8888I_Index2Color.o        30
    GUIDEV.o                          68
    GUIDEV_32.o                    2'420
    GUIDEV_GetDataPtr.o               28
    GUIDEV_Usage.o                    78
    GUIDEV_WriteToActiveAlpha.o      424
    GUIDRV_Lin_32.o                2'808       52
    GUI_Alloc.o                    1'276               204
    GUI_Arc.o                      1'008
    GUI_Char.o                        84
    GUI_CharLine.o                   468        1        4
    GUI_CharM.o                      368
    GUI_CharP.o                      300
    GUI_Circ.o                       172
    GUI_Common.o                     564
    GUI_Core.o                       572       30      203
    GUI_Device.o                     336
    GUI_DispString.o                 260
    GUI_DrawLib.o                     36
    GUI_DrawLine.o                 1'272
    GUI_FillPolygon.o                488                28
    GUI_MULTIBUF.o                   168                44
    GUI_OnKey.o                       16        4      104
    GUI_SelectLayer.o                 68
    GUI_UC.o                          76
    GUI_UC_EncodeNone.o               36
    GUI_Val.o                         36
    GUI_WaitEvent.o                   16                 4
    GUI__Alpha.o                     756        2       36
    GUI__CompactPixelIndices.o       342
    GUI__ExpandPixelIndices.o        288
    GUI__ManageCache.o               208                16
    GUI__Private.o                   242        2        8
    GUI__SinHQ.o                     500
    LCD.o                          1'272       13        4
    LCD_Color.o                      188        4       20
    LCD_GetColorIndex.o               24
    LCD_GetEx.o                      192                 8
    LCD_GetNumDisplays.o              26
    LCD_Mirror.o                              256
    LCD_ReadRect.o                   424
    LCD_SelectLCD.o                   68
    LCD_Set.o                        246
    LCD_SetClipRectEx.o               48
    LCD_UpdateColorIndices.o          36
    WM.o                           2'924               128
    WM_Lib.o                         244
    WM_Touch.o                                  4       84
    WM__Private.o                    164                 4
    ------------------------------------------------------
    Total:                        21'988   35'928      907

dl7M_tlf.a: [3]
    abort.o                            6
    exit.o                             4
    low_level_init.o                   4
    ------------------------------------------------------
    Total:                            14

m7M_tls.a: [4]
    DblToS32.o                        58
    FltToDbl.o                        72
    ceil.o                           102
    floor.o                          104
    fpinit_M.o                        34
    ------------------------------------------------------
    Total:                           370

rt7M_tl.a: [5]
    ABImemcpy.o                      166
    ABImemmove.o                     150
    ABImemset.o                      102
    I64DivMod_small.o                262
    I64DivZer.o                        2
    cexit.o                           10
    cmain.o                           30
    cstartup_M.o                      12
    data_init.o                       40
    memcpy.o                          12
    memset.o                          20
    packbits_init.o                  156
    zero_init3.o                      58
    ------------------------------------------------------
    Total:                         1'020

shb_l.a: [6]
    exit.o                            20
    ------------------------------------------------------
    Total:                            20

    Gaps                              32        4
    Linker created                             44    8'192
----------------------------------------------------------
    Grand Total:                  36'840   35'998  163'519


*******************************************************************************
*** ENTRY LIST
***

Entry                       Address      Size  Type      Object
-----                       -------      ----  ----      ------
.iar.init_table$$Base     0x21'19ec             --   Gb  - Linker created -
.iar.init_table$$Limit    0x21'1a18             --   Gb  - Linker created -
?main                     0x21'1a19            Code  Gb  cmain.o [5]
AHBPrescTable             0x21'18e4      0x10  Data  Gb  system_stm32f7xx.o [1]
Abs                       0x20'f8ef       0x8  Code  Lc  GUI_DrawLine.o [2]
B1                      0x2003'5d02       0x2  Data  Gb  main.o [1]
B2                      0x2003'5d04       0x2  Data  Gb  main.o [1]
BSP_SDRAM_DeInit::sdramstatus
                        0x2001'0081       0x1  Data  Lc  stm32746g_discovery_sdram.o [1]
BSP_SDRAM_Init            0x20'ea19      0x6c  Code  Gb  stm32746g_discovery_sdram.o [1]
BSP_SDRAM_Init::sdramstatus
                        0x2001'0080       0x1  Data  Lc  stm32746g_discovery_sdram.o [1]
BSP_SDRAM_Initialization_sequence
                          0x20'ea85      0x68  Code  Gb  stm32746g_discovery_sdram.o [1]
BSP_SDRAM_MspInit::dma_handle
                        0x2003'5bc8      0x60  Data  Lc  stm32746g_discovery_sdram.o [1]
BusFault_Handler          0x21'18fb       0x2  Code  Gb  stm32f7xx_it.o [1]
CAN1_RX0_IRQHandler       0x21'1911       0x6  Code  Gb  stm32f7xx_it.o [1]
CSTACK$$Base            0x2000'0000             --   Gb  - Linker created -
CSTACK$$Limit           0x2000'2000             --   Gb  - Linker created -
CUSTOM_CopyBuffer         0x20'8819      0x36  Code  Lc  LCDConf.o [1]
CUSTOM_CopyRect           0x20'8851      0x3c  Code  Lc  LCDConf.o [1]
CUSTOM_DrawBitmap32bpp    0x20'892d      0x58  Code  Lc  LCDConf.o [1]
CUSTOM_FillRect           0x20'888d      0xa0  Code  Lc  LCDConf.o [1]
CanHandle               0x2003'5da0      0x28  Data  Gb  main.o [1]
Command                 0x2001'00d4      0x10  Data  Lc  stm32746g_discovery_sdram.o [1]
DIR1                    0x2003'5d06       0x2  Data  Gb  main.o [1]
DIR2                    0x2003'5d08       0x2  Data  Gb  main.o [1]
DMA2D_CopyBuffer          0x20'87c7      0x3c  Code  Lc  LCDConf.o [1]
DMA_CalcBaseAndBitshift
                          0x20'f641      0x28  Code  Lc  stm32f7xx_hal_dma.o [1]
DMA_CalcBaseAndBitshift::flagBitshiftOffset
                          0x20'f668       0x8  Data  Lc  stm32f7xx_hal_dma.o [1]
DebugMon_Handler          0x21'18ff       0x2  Code  Gb  stm32f7xx_it.o [1]
FMC_SDRAM_Init            0x21'01d1      0x76  Code  Gb  stm32f7xx_ll_fmc.o [1]
FMC_SDRAM_ProgramRefreshRate
                          0x21'02e9       0xc  Code  Gb  stm32f7xx_ll_fmc.o [1]
FMC_SDRAM_SendCommand     0x21'02c5      0x24  Code  Gb  stm32f7xx_ll_fmc.o [1]
FMC_SDRAM_Timing_Init     0x21'0247      0x7a  Code  Gb  stm32f7xx_ll_fmc.o [1]
Font10_1Prop1             0x20'c988       0xc  Data  Lc  F10_1.o [2]
Font10_1_CharInfo         0x20'c688     0x300  Data  Lc  F10_1.o [2]
GL_DrawArc                0x21'0087      0xec  Code  Gb  GUI_Arc.o [2]
GL_DrawLine               0x20'fd4f      0x10  Code  Gb  GUI_DrawLine.o [2]
GL_DrawLine1Ex            0x20'fab3     0x1b2  Code  Gb  GUI_DrawLine.o [2]
GL_DrawLineEx             0x20'fc75      0xda  Code  Gb  GUI_DrawLine.o [2]
GL_DrawPoint              0x21'03c5      0x1e  Code  Gb  GUI_DrawLib.o [2]
GL_FillCircle             0x21'0919      0x9e  Code  Gb  GUI_Circ.o [2]
GL_FillPolygon            0x21'043d     0x188  Code  Gb  GUI_FillPolygon.o [2]
GUIDRV_Lin_32_API         0x21'1948      0x34  Data  Gb  GUIDRV_Lin_32.o [2]
GUIMONO_DispChar          0x21'129d      0xf4  Code  Gb  GUI_CharM.o [2]
GUIMONO_GetCharDistX      0x21'13bb      0x12  Code  Gb  GUI_CharM.o [2]
GUIMONO_GetFontInfo       0x21'13d1       0x6  Code  Gb  GUI_CharM.o [2]
GUIMONO_IsInFont          0x21'13d7      0x36  Code  Gb  GUI_CharM.o [2]
GUIPROP_DispChar          0x21'1421      0xc8  Code  Gb  GUI_CharP.o [2]
GUIPROP_GetCharDistX      0x21'14e9      0x36  Code  Gb  GUI_CharP.o [2]
GUIPROP_GetFontInfo       0x21'1525       0x6  Code  Gb  GUI_CharP.o [2]
GUIPROP_IsInFont          0x21'152b       0xe  Code  Gb  GUI_CharP.o [2]
GUIPROP__FindChar         0x21'140d      0x14  Code  Gb  GUI_CharP.o [2]
GUI_ALLOC_AllocNoInit     0x20'708b       0xa  Code  Gb  GUI_Alloc.o [2]
GUI_ALLOC_AllocZero       0x20'710f      0x26  Code  Gb  GUI_Alloc.o [2]
GUI_ALLOC_AssignMemory    0x20'70e3       0xc  Code  Gb  GUI_Alloc.o [2]
GUI_ALLOC_Free            0x20'70ef      0x20  Code  Gb  GUI_Alloc.o [2]
GUI_ALLOC_FreeFixedBlock
                          0x20'6fd5      0x10  Code  Gb  GUI_Alloc.o [2]
GUI_ALLOC_GetFixedBlock
                          0x20'6fe5      0xa6  Code  Gb  GUI_Alloc.o [2]
GUI_ALLOC_LockH           0x20'70a3      0x16  Code  Gb  GUI_Alloc.o [2]
GUI_ALLOC_UnlockH         0x20'70b9      0x2a  Code  Gb  GUI_Alloc.o [2]
GUI_ALLOC__Context      0x2003'5960      0xc0  Data  Gb  GUI_Alloc.o [2]
GUI_ALLOC_h2p             0x20'7095       0xe  Code  Gb  GUI_Alloc.o [2]
GUI_AddDecShift           0x20'7271      0x88  Code  Gb  GUI_Common.o [2]
GUI_CalcColorDist         0x20'72f9      0x3e  Code  Gb  GUI_Common.o [2]
GUI_CharLine_pfLog2Vis  0x2001'015c       0x4  Data  Gb  GUI_CharLine.o [2]
GUI_Clear                 0x20'7d27      0x1a  Code  Gb  GUI_Core.o [2]
GUI_ClearRect             0x20'7ccd      0x5a  Code  Gb  GUI_Core.o [2]
GUI_DCACHE__pfClearCacheHook
                        0x2003'5e48       0x4  Data  Gb  GUI_Core.o [2]
GUI_DEVICE_Create         0x20'7f01      0x46  Code  Gb  GUI_Device.o [2]
GUI_DEVICE_CreateAndLink
                          0x20'7ff9      0x24  Code  Gb  GUI_Device.o [2]
GUI_DEVICE_Delete         0x20'7efd       0x4  Code  Gb  GUI_Device.o [2]
GUI_DEVICE_Link           0x20'7f79      0x80  Code  Gb  GUI_Device.o [2]
GUI_DEVICE_Unlink         0x20'7f47      0x32  Code  Gb  GUI_Device.o [2]
GUI_DEVICE__GetpDriver    0x20'7edd      0x20  Code  Gb  GUI_Device.o [2]
GUI_DecChar             0x2001'00e4       0x1  Data  Gb  GUI_Core.o [2]
GUI_DispDecAt             0x20'e2e7      0x24  Code  Gb  GUI_Val.o [2]
GUI_DispString            0x20'ec85      0xea  Code  Gb  GUI_DispString.o [2]
GUI_DispStringAt          0x20'ed7b       0xa  Code  Gb  GUI_DispString.o [2]
GUI_DrawArc               0x21'0189      0x3e  Code  Gb  GUI_Arc.o [2]
GUI_DrawLine              0x20'fd5f      0x30  Code  Gb  GUI_DrawLine.o [2]
GUI_F6x8_Mono             0x20'd838      0x14  Data  Lc  F6x8.o [2]
GUI_F6x8_TI8859_1         0x20'd830       0x8  Data  Lc  F6x8.o [2]
GUI_F6x8_TL8859_1         0x20'd670     0x1c0  Data  Lc  F6x8.o [2]
GUI_Font10ASCIIProp1      0x20'd14c       0xc  Data  Gb  F10_ASCII.o [2]
GUI_Font10_1              0x20'c994      0x24  Data  Gb  F10_1.o [2]
GUI_Font10_ASCII_CharInfo
                          0x20'ce4c     0x300  Data  Lc  F10_ASCII.o [2]
GUI_Font16B_1             0x20'ade4      0x24  Data  Gb  F16B_1.o [2]
GUI_Font16B_1_CharInfo    0x20'aad8     0x300  Data  Lc  F16B_1.o [2]
GUI_Font16B_1_Prop1       0x20'add8       0xc  Data  Lc  F16B_1.o [2]
GUI_Font16B_ASCII_CharInfo
                          0x20'b568     0x2f8  Data  Gb  F16B_ASCII.o [2]
GUI_Font16B_ASCII_Prop1
                          0x20'b860       0xc  Data  Gb  F16B_ASCII.o [2]
GUI_Font20B_1             0x20'5064      0x24  Data  Gb  F20B_1.o [2]
GUI_Font20B_1_CharInfo    0x20'4d58     0x300  Data  Lc  F20B_1.o [2]
GUI_Font20B_1_Prop0       0x20'5058       0xc  Data  Lc  F20B_1.o [2]
GUI_Font20B_ASCII_CharInfo
                          0x20'5da8     0x2f8  Data  Gb  F20B_ASCII.o [2]
GUI_Font20B_ASCII_Prop1
                          0x20'60a0       0xc  Data  Gb  F20B_ASCII.o [2]
GUI_Font32B_1             0x20'2154      0x24  Data  Gb  F32B_1.o [2]
GUI_Font32B_1_CharInfo    0x20'1e48     0x300  Data  Lc  F32B_1.o [2]
GUI_Font32B_1_Prop1       0x20'2148       0xc  Data  Lc  F32B_1.o [2]
GUI_Font32B_ASCII_CharInfo
                          0x20'3cf8     0x2f8  Data  Gb  F32B_ASCII.o [2]
GUI_Font32B_ASCII_Prop1
                          0x20'3ff0       0xc  Data  Gb  F32B_ASCII.o [2]
GUI_Font6x8               0x20'd84c      0x24  Data  Gb  F6x8.o [2]
GUI_GetBitsPerPixelEx     0x20'8a25       0xe  Code  Gb  LCD_GetEx.o [2]
GUI_GetBkColor            0x20'7337       0x6  Code  Gb  GUI_Common.o [2]
GUI_GetCharDistX          0x20'f6a7       0x6  Code  Gb  GUI_Char.o [2]
GUI_GetCharDistXEx        0x20'f6b5       0x8  Code  Gb  GUI_Char.o [2]
GUI_GetColor              0x20'7345       0x8  Code  Gb  GUI_Common.o [2]
GUI_GetDrawMode           0x20'734d       0xa  Code  Gb  GUI_Common.o [2]
GUI_GetFontDistY          0x20'f69d       0xa  Code  Gb  GUI_Char.o [2]
GUI_GetLayerPosEx         0x20'7755      0x14  Code  Gb  GUI_SelectLayer.o [2]
GUI_GetYAdjust            0x20'f671      0x2c  Code  Gb  GUI_Char.o [2]
GUI_GetpfIndex2ColorEx    0x20'8a51       0xc  Code  Gb  LCD_GetEx.o [2]
GUI_GotoXY                0x20'73cb       0xc  Code  Gb  GUI_Common.o [2]
GUI_Init                  0x20'7d65     0x11c  Code  Gb  GUI_Core.o [2]
GUI_Initialized         0x2003'5cfc       0x1  Data  Gb  main.o [1]
GUI_MEMDEV_DEVICE_32      0x20'c1ac      0x34  Data  Gb  GUIDEV_32.o [2]
GUI_MEMDEV_Delete         0x20'7579      0x3a  Code  Gb  GUIDEV.o [2]
GUI_MEMDEV_GetDataPtr     0x21'1129      0x1c  Code  Gb  GUIDEV_GetDataPtr.o [2]
GUI_MEMDEV__WriteToActiveAlpha
                          0x21'1107      0x16  Code  Gb  GUIDEV_WriteToActiveAlpha.o [2]
GUI_MULTIBUF_ConfigEx     0x20'923b      0x26  Code  Gb  GUI_MULTIBUF.o [2]
GUI_MULTIBUF_ConfirmEx    0x20'921b      0x20  Code  Gb  GUI_MULTIBUF.o [2]
GUI_MergeRect             0x20'7357      0x58  Code  Gb  GUI_Common.o [2]
GUI_MoveRect              0x20'73af      0x1c  Code  Gb  GUI_Common.o [2]
GUI_OrgX                0x2003'5eba       0x2  Data  Gb  GUI_Core.o [2]
GUI_OrgY                0x2003'5ebc       0x2  Data  Gb  GUI_Core.o [2]
GUI_Pow10                 0x20'747c      0x28  Data  Gb  GUI_Common.o [2]
GUI_ReadRectEx            0x21'0dff      0x56  Code  Gb  LCD_ReadRect.o [2]
GUI_RectsIntersect        0x20'73e3      0x38  Code  Gb  GUI_Common.o [2]
GUI_SelectLCD             0x20'741b      0x12  Code  Gb  GUI_Common.o [2]
GUI_SelectLayer           0x20'7769      0x26  Code  Gb  GUI_SelectLayer.o [2]
GUI_SetBkColor            0x20'742d       0x4  Code  Gb  GUI_Common.o [2]
GUI_SetColor              0x20'7431       0x4  Code  Gb  GUI_Common.o [2]
GUI_SetDrawMode           0x20'7435       0x4  Code  Gb  GUI_Common.o [2]
GUI_SetFont               0x20'7439       0xe  Code  Gb  GUI_Common.o [2]
GUI_SetOrg                0x20'7447      0x20  Code  Gb  GUI_Common.o [2]
GUI_SetPenSize            0x20'73d7       0xc  Code  Gb  GUI_Common.o [2]
GUI_SignalEvent           0x20'7569       0xc  Code  Gb  GUI_WaitEvent.o [2]
GUI_StoreKey              0x20'7c91       0xc  Code  Gb  GUI_OnKey.o [2]
GUI_UC_None               0x21'19b8      0x10  Data  Gb  GUI_UC_EncodeNone.o [2]
GUI_UC__GetCharCodeInc    0x20'f899      0x22  Code  Gb  GUI_UC.o [2]
GUI_UC__NumChars2NumBytes
                          0x20'f8bb      0x24  Code  Gb  GUI_UC.o [2]
GUI_USAGE_AddRect         0x20'8169      0x2a  Code  Gb  GUIDEV_Usage.o [2]
GUI_USAGE_DecUseCnt       0x20'8145      0x24  Code  Gb  GUIDEV_Usage.o [2]
GUI_X_Config              0x20'8349      0x10  Code  Gb  GUIConf.o [1]
GUI_X_Init                0x20'89c9       0x2  Code  Gb  GUI_X.o [1]
GUI__AllocAlphaBuffer     0x21'0c83      0x16  Code  Gb  GUI__Alpha.o [2]
GUI__BkColorDefault     0x2001'00f8       0x4  Data  Gb  GUI_Core.o [2]
GUI__BufferSize         0x2003'5e9c       0x4  Data  Gb  GUI_Core.o [2]
GUI__ColorDefault       0x2001'00f4       0x4  Data  Gb  GUI_Core.o [2]
GUI__CompactPixelIndicesEx
                          0x21'128d       0xe  Code  Gb  GUI__CompactPixelIndices.o [2]
GUI__Config               0x20'7d41      0x24  Code  Gb  GUI_Core.o [2]
GUI__Config::RegisterExit
                        0x2003'5e50       0x8  Data  Lc  GUI_Core.o [2]
GUI__Context            0x2001'0000      0x70  Data  Lc  GUI_Core.o [2]
GUI__ConvertColor2Index
                          0x21'1145     0x13a  Code  Gb  GUI__CompactPixelIndices.o [2]
GUI__CosHQ                0x21'063b       0x6  Code  Gb  GUI__SinHQ.o [2]
GUI__DispLine             0x20'f7e5      0xa0  Code  Gb  GUI_CharLine.o [2]
GUI__DoAlphaBlending      0x21'0a41     0x19e  Code  Gb  GUI__Alpha.o [2]
GUI__ExpandPixelIndicesEx
                          0x21'0e61     0x120  Code  Gb  GUI__ExpandPixelIndices.o [2]
GUI__GetAlphaBuffer       0x21'0bed      0x8e  Code  Gb  GUI__Alpha.o [2]
GUI__GetAlphaBuffer::RegisterExit
                        0x2003'5e3c       0x8  Data  Lc  GUI__Alpha.o [2]
GUI__GetLineDistX         0x20'f797      0x4e  Code  Gb  GUI_CharLine.o [2]
GUI__GetLineNumChars      0x20'f745      0x36  Code  Gb  GUI_CharLine.o [2]
GUI__GetOverlap           0x20'f77b      0x1c  Code  Gb  GUI_CharLine.o [2]
GUI__IntersectRect        0x20'7145      0x40  Code  Gb  GUI__Private.o [2]
GUI__IntersectRects       0x20'7185      0x60  Code  Gb  GUI__Private.o [2]
GUI__IsInitialized      0x2001'00e5       0x1  Data  Gb  GUI_Core.o [2]
GUI__LayerMask          0x2003'5ea0       0x4  Data  Gb  GUI_Core.o [2]
GUI__ManageCache          0x21'03b1       0xa  Code  Gb  GUI__ManageCache.o [2]
GUI__ManageCacheEx        0x21'02f5      0xb0  Code  Gb  GUI__ManageCache.o [2]
GUI__ManageCacheEx::aLockCnt
                        0x2003'5e60       0x8  Data  Lc  GUI__ManageCache.o [2]
GUI__MixColors            0x21'09eb      0x56  Code  Gb  GUI__Alpha.o [2]
GUI__NumLayersInUse     0x2003'5ebe       0x1  Data  Gb  GUI_Core.o [2]
GUI__PreserveTrans      0x2003'5e44       0x1  Data  Gb  GUI_Core.o [2]
GUI__RegisterExit         0x20'7e93       0xa  Code  Gb  GUI_Core.o [2]
GUI__SinHQ                0x21'05d1      0x6a  Code  Gb  GUI__SinHQ.o [2]
GUI__aNumBuffers        0x2003'5eb8       0x2  Data  Gb  GUI_Core.o [2]
GUI__apDevice           0x2001'0078       0x8  Data  Gb  GUI_Core.o [2]
GUI__memset               0x20'71e5      0x52  Code  Gb  GUI__Private.o [2]
GUI__pFontDefault       0x2001'00f0       0x4  Data  Gb  GUI_Core.o [2]
GUI__pfMemcpy           0x2001'0158       0x4  Data  Gb  GUI__Private.o [2]
GUI__pfMemset           0x2001'0154       0x4  Data  Gb  GUI__Private.o [2]
GUI__pfMixColors        0x2001'0148       0x4  Data  Gb  GUI__Alpha.o [2]
GUI_acFont6x8             0x20'd158     0x518  Data  Lc  F6x8.o [2]
GUI_cos                   0x20'f94d       0x6  Code  Gb  GUI_DrawLine.o [2]
GUI_pContext            0x2001'0074       0x4  Data  Gb  GUI_Core.o [2]
GUI_pLCD_APIList        0x2003'5ea4       0x4  Data  Gb  GUI_Core.o [2]
GUI_pUC_API             0x2001'00e8       0x4  Data  Gb  GUI_Core.o [2]
GUI_pfAfterInitHook     0x2001'0070       0x4  Data  Gb  GUI_Core.o [2]
GUI_pfDispCharLine      0x2003'5e98       0x4  Data  Gb  GUI_Core.o [2]
GUI_pfDispCharStyle     0x2003'5e94       0x4  Data  Gb  GUI_Core.o [2]
GUI_pfTimerExec         0x2001'00ec       0x4  Data  Gb  GUI_Core.o [2]
GUI_sin                   0x20'f8f7      0x56  Code  Gb  GUI_DrawLine.o [2]
GetBufferSize             0x20'8803      0x14  Code  Lc  LCDConf.o [1]
HAL_CAN_ActivateNotification
                          0x20'dcbd      0x18  Code  Gb  stm32f7xx_hal_can.o [1]
HAL_CAN_AddTxMessage      0x20'dad9      0xca  Code  Gb  stm32f7xx_hal_can.o [1]
HAL_CAN_ConfigFilter      0x20'd991      0xe4  Code  Gb  stm32f7xx_hal_can.o [1]
HAL_CAN_GetRxMessage      0x20'dba3     0x114  Code  Gb  stm32f7xx_hal_can.o [1]
HAL_CAN_IRQHandler        0x20'dce7     0x1f8  Code  Gb  stm32f7xx_hal_can.o [1]
HAL_CAN_Init              0x20'd871     0x120  Code  Gb  stm32f7xx_hal_can.o [1]
HAL_CAN_MspIniut          0x20'def1      0xee  Code  Gb  main.o [1]
HAL_CAN_RxFifo0MsgPendingCallback
                          0x20'e0ab      0x72  Code  Gb  main.o [1]
HAL_CAN_Start             0x20'da75      0x4c  Code  Gb  stm32f7xx_hal_can.o [1]
HAL_DMA2D_Init            0x20'97c9      0x56  Code  Gb  stm32f7xx_hal_dma2d.o [1]
HAL_DMA2D_MspInit         0x20'835f      0x1c  Code  Gb  LCDConf.o [1]
HAL_DMA_DeInit            0x20'f5d1      0x60  Code  Gb  stm32f7xx_hal_dma.o [1]
HAL_DMA_Init              0x20'f4e9      0xe8  Code  Gb  stm32f7xx_hal_dma.o [1]
HAL_Delay                 0x20'f4c1      0x28  Code  Wk  stm32f7xx_hal.o [1]
HAL_GPIO_Init             0x20'8f0d     0x1c4  Code  Gb  stm32f7xx_hal_gpio.o [1]
HAL_GPIO_WritePin         0x20'90d1       0x8  Code  Gb  stm32f7xx_hal_gpio.o [1]
HAL_GetTick               0x20'9821       0xc  Code  Wk  stm32f7xx_hal.o [1]
HAL_IncTick               0x21'1939      0x10  Code  Wk  stm32f7xx_hal.o [1]
HAL_Init                  0x20'e589      0x20  Code  Gb  stm32f7xx_hal.o [1]
HAL_InitTick              0x20'f2dd      0x40  Code  Wk  stm32f7xx_hal.o [1]
HAL_LTDC_ConfigCLUT       0x20'94a1      0x58  Code  Gb  stm32f7xx_hal_ltdc.o [1]
HAL_LTDC_ConfigColorKeying
                          0x20'9473      0x2e  Code  Gb  stm32f7xx_hal_ltdc.o [1]
HAL_LTDC_ConfigLayer      0x20'9447      0x2c  Code  Gb  stm32f7xx_hal_ltdc.o [1]
HAL_LTDC_DeInit           0x20'936d      0x18  Code  Gb  stm32f7xx_hal_ltdc.o [1]
HAL_LTDC_DisableColorKeying
                          0x20'950f      0x14  Code  Gb  stm32f7xx_hal_ltdc.o [1]
HAL_LTDC_EnableCLUT       0x20'9533      0x16  Code  Gb  stm32f7xx_hal_ltdc.o [1]
HAL_LTDC_EnableColorKeying
                          0x20'94f9      0x16  Code  Gb  stm32f7xx_hal_ltdc.o [1]
HAL_LTDC_EnableDither     0x20'955d      0x20  Code  Gb  stm32f7xx_hal_ltdc.o [1]
HAL_LTDC_IRQHandler       0x20'9385      0xc2  Code  Gb  stm32f7xx_hal_ltdc.o [1]
HAL_LTDC_Init             0x20'927d      0xf0  Code  Gb  stm32f7xx_hal_ltdc.o [1]
HAL_LTDC_LineEventCallback
                          0x20'84c5      0x4a  Code  Gb  LCDConf.o [1]
HAL_LTDC_MspDeInit        0x20'84af      0x16  Code  Gb  LCDConf.o [1]
HAL_LTDC_MspInit          0x20'837b     0x126  Code  Gb  LCDConf.o [1]
HAL_LTDC_MspInit::PeriphClkInitStruct
                        0x2003'5ac8      0x84  Data  Lc  LCDConf.o [1]
HAL_LTDC_ProgramLineEvent
                          0x20'9635      0x28  Code  Gb  stm32f7xx_hal_ltdc.o [1]
HAL_LTDC_SetAddress       0x20'9621      0x14  Code  Gb  stm32f7xx_hal_ltdc.o [1]
HAL_LTDC_SetAlpha         0x20'95d7      0x12  Code  Gb  stm32f7xx_hal_ltdc.o [1]
HAL_LTDC_SetWindowPosition
                          0x20'9589      0x4e  Code  Gb  stm32f7xx_hal_ltdc.o [1]
HAL_NVIC_EnableIRQ        0x20'917d      0x16  Code  Gb  stm32f7xx_hal_cortex.o [1]
HAL_NVIC_SetPriority      0x20'9141      0x3a  Code  Gb  stm32f7xx_hal_cortex.o [1]
HAL_NVIC_SetPriorityGrouping
                          0x20'9127      0x1a  Code  Gb  stm32f7xx_hal_cortex.o [1]
HAL_RCCEx_PeriphCLKConfig
                          0x20'8aa9     0x42a  Code  Gb  stm32f7xx_hal_rcc_ex.o [1]
HAL_RCC_ClockConfig       0x20'e89f      0xf8  Code  Gb  stm32f7xx_hal_rcc.o [1]
HAL_RCC_GetSysClockFreq
                          0x20'e9ab      0x4c  Code  Gb  stm32f7xx_hal_rcc.o [1]
HAL_RCC_OscConfig         0x20'e5b1     0x2ee  Code  Gb  stm32f7xx_hal_rcc.o [1]
HAL_SDRAM_Init            0x20'f425      0x3c  Code  Gb  stm32f7xx_hal_sdram.o [1]
HAL_SDRAM_ProgramRefreshRate
                          0x20'f491      0x1a  Code  Gb  stm32f7xx_hal_sdram.o [1]
HAL_SDRAM_SendCommand     0x20'f461      0x30  Code  Gb  stm32f7xx_hal_sdram.o [1]
HAL_SYSTICK_Config        0x20'9193      0x28  Code  Gb  stm32f7xx_hal_cortex.o [1]
HAL_TIMEx_BreakCallback
                          0x20'f2d5       0x2  Code  Wk  stm32f7xx_hal_tim_ex.o [1]
HAL_TIMEx_CommutationCallback
                          0x20'f2d9       0x2  Code  Wk  stm32f7xx_hal_tim_ex.o [1]
HAL_TIM_Base_Init         0x20'e30d      0x1a  Code  Gb  stm32f7xx_hal_tim.o [1]
HAL_TIM_Base_Start_IT     0x20'e327      0x16  Code  Gb  stm32f7xx_hal_tim.o [1]
HAL_TIM_IRQHandler        0x20'e361     0x158  Code  Gb  stm32f7xx_hal_tim.o [1]
HAL_TIM_PeriodElapsedCallback
                          0x20'dfdf      0xbe  Code  Gb  main.o [1]
HardFault_Handler         0x21'18f7       0x2  Code  Gb  stm32f7xx_it.o [1]
LCD_API_ColorConv_0       0x21'1a64      0x18  Data  Gb  GUICC_0.o [2]
LCD_API_ColorConv_M8888I
                          0x21'1a4c      0x18  Data  Gb  GUICC_M8888I.o [2]
LCD_Color2Index           0x20'7c19      0x12  Code  Gb  LCD.o [2]
LCD_DrawBitmap            0x20'7929     0x114  Code  Gb  LCD.o [2]
LCD_DrawHLine             0x20'7859      0x3a  Code  Gb  LCD.o [2]
LCD_DrawPixel             0x20'77ff      0x5a  Code  Gb  LCD.o [2]
LCD_DrawVLine             0x20'7893      0x32  Code  Gb  LCD.o [2]
LCD_FillRect              0x20'78db      0x4e  Code  Gb  LCD.o [2]
LCD_GetBitsPerPixelEx     0x20'8a09       0x4  Code  Gb  LCD_GetEx.o [2]
LCD_GetBkColorIndex       0x20'80c5       0xa  Code  Gb  LCD_GetColorIndex.o [2]
LCD_GetColorIndex         0x20'80cf       0xa  Code  Gb  LCD_GetColorIndex.o [2]
LCD_GetMirrorXEx          0x20'8a11       0x4  Code  Gb  LCD_GetEx.o [2]
LCD_GetMirrorYEx          0x20'8a15       0x4  Code  Gb  LCD_GetEx.o [2]
LCD_GetNumColors          0x20'8a1d       0x8  Code  Gb  LCD_GetEx.o [2]
LCD_GetNumColorsEx        0x20'8a0d       0x4  Code  Gb  LCD_GetEx.o [2]
LCD_GetNumLayers          0x20'8a8d      0x1a  Code  Gb  LCD_GetNumDisplays.o [2]
LCD_GetPalette            0x20'8a49       0x8  Code  Gb  LCD_GetEx.o [2]
LCD_GetPaletteEx          0x20'8a33      0x16  Code  Gb  LCD_GetEx.o [2]
LCD_GetPosEx              0x20'8247      0x22  Code  Gb  LCD_Set.o [2]
LCD_GetSwapXYEx           0x20'8a19       0x4  Code  Gb  LCD_GetEx.o [2]
LCD_GetVXSizeMax          0x20'8a65       0x4  Code  Gb  LCD_GetEx.o [2]
LCD_GetXSizeDisplay       0x20'8a71       0x6  Code  Gb  LCD_GetEx.o [2]
LCD_GetXSizeMax           0x20'8a5d       0x4  Code  Gb  LCD_GetEx.o [2]
LCD_GetYSizeDisplay       0x20'8a77       0x6  Code  Gb  LCD_GetEx.o [2]
LCD_GetYSizeMax           0x20'8a61       0x4  Code  Gb  LCD_GetEx.o [2]
LCD_Index2Color           0x20'7c2b      0x12  Code  Gb  LCD.o [2]
LCD_Index2Color_888       0x20'80c3       0x2  Code  Gb  GUICC_888_Index2Color.o [2]
LCD_Index2Color_8888      0x20'8193       0x2  Code  Gb  GUICC_8888_Index2Color.o [2]
LCD_Index2Color_M8888I    0x20'754b      0x1e  Code  Gb  GUICC_M8888I_Index2Color.o [2]
LCD_InitColors            0x20'829f      0x28  Code  Gb  LCD_Color.o [2]
LCD_InitColors::RegisterExit
                        0x2001'010c       0x8  Data  Lc  LCD_Color.o [2]
LCD_InitLUT               0x20'82c7      0x6c  Code  Gb  LCD_Color.o [2]
LCD_LL_GetPixelformat     0x20'8359       0x6  Code  Lc  LCDConf.o [1]
LCD_ReadRectEx            0x21'0cb9     0x13c  Code  Lc  LCD_ReadRect.o [2]
LCD_SelectLCD             0x20'80dd      0x44  Code  Gb  LCD_SelectLCD.o [2]
LCD_SetBkColor            0x20'7c61       0x8  Code  Gb  LCD.o [2]
LCD_SetBkColorIndex       0x20'7c4f      0x12  Code  Gb  LCD.o [2]
LCD_SetClipRectEx         0x20'6c19      0x30  Code  Gb  LCD_SetClipRectEx.o [2]
LCD_SetClipRectMax        0x20'7b6d      0x14  Code  Gb  LCD.o [2]
LCD_SetColor              0x20'7c69       0x8  Code  Gb  LCD.o [2]
LCD_SetColorIndex         0x20'7c3d      0x12  Code  Gb  LCD.o [2]
LCD_SetDevFunc            0x20'8269      0x22  Code  Gb  LCD_Set.o [2]
LCD_SetDisplaySize        0x20'8a69       0x8  Code  Gb  LCD_GetEx.o [2]
LCD_SetDrawMode           0x20'77f5       0xa  Code  Gb  LCD.o [2]
LCD_SetLUTEntryEx         0x20'8225      0x22  Code  Gb  LCD_Set.o [2]
LCD_SetSizeEx             0x20'81d7      0x22  Code  Gb  LCD_Set.o [2]
LCD_SetVRAMAddrEx         0x20'8195      0x20  Code  Gb  LCD_Set.o [2]
LCD_SetVSizeEx            0x20'81b5      0x22  Code  Gb  LCD_Set.o [2]
LCD_UpdateColorIndices    0x20'8121      0x24  Code  Gb  LCD_UpdateColorIndices.o [2]
LCD_X_Config              0x20'850f     0x146  Code  Gb  LCDConf.o [1]
LCD_X_DisplayDriver       0x20'8659     0x16e  Code  Gb  LCDConf.o [1]
LCD__aConvTable         0x2001'0108       0x4  Data  Gb  LCD_Color.o [2]
LCD__pSetColorAPI       0x2001'0150       0x4  Data  Gb  LCD.o [2]
LCD_aMirror               0x21'1538     0x100  Data  Gb  LCD_Mirror.o [2]
LTDC_IRQHandler           0x21'1921       0x6  Code  Gb  stm32f7xx_it.o [1]
LTDC_SetConfig            0x20'96b3     0x104  Code  Lc  stm32f7xx_hal_ltdc.o [1]
MainTask                  0x20'ed89     0x43a  Code  Gb  BASIC_HelloWorld.o [1]
MemManage_Handler         0x21'18f9       0x2  Code  Gb  stm32f7xx_it.o [1]
NMI_Handler               0x21'18f5       0x2  Code  Gb  stm32f7xx_it.o [1]
OS_TimeMS               0x2003'5e90       0x4  Data  Gb  GUI_X.o [1]
Region$$Table$$Base       0x21'19ec             --   Gb  - Linker created -
Region$$Table$$Limit      0x21'1a18             --   Gb  - Linker created -
RxData                  0x2003'5dc8       0x8  Data  Gb  main.o [1]
RxHeader                0x2003'5dd0      0x1c  Data  Gb  main.o [1]
SOC                     0x2003'5d0e       0x2  Data  Gb  main.o [1]
SUSP1                   0x2003'5d0a       0x2  Data  Gb  main.o [1]
SUSP2                   0x2003'5d0c       0x2  Data  Gb  main.o [1]
SysTick_Handler           0x21'1901      0x10  Code  Gb  stm32f7xx_it.o [1]
SystemCoreClock         0x2001'014c       0x4  Data  Gb  system_stm32f7xx.o [1]
SystemInit                0x21'1895      0x3c  Code  Gb  system_stm32f7xx.o [1]
T1                      0x2003'5cfe       0x2  Data  Gb  main.o [1]
T2                      0x2003'5d00       0x2  Data  Gb  main.o [1]
TIM2_IRQHandler           0x21'1917       0x2  Code  Gb  stm32f7xx_it.o [1]
TIM3_IRQHandler           0x21'1919       0x2  Code  Gb  stm32f7xx_it.o [1]
TIMER2_Config             0x20'e11d      0x52  Code  Gb  main.o [1]
TIM_Base_SetConfig        0x20'e4bf      0x96  Code  Gb  stm32f7xx_hal_tim.o [1]
Tcellmax                0x2003'5d16       0x2  Data  Gb  main.o [1]
Tcellmin                0x2003'5d18       0x2  Data  Gb  main.o [1]
TimHandle               0x2003'5d20      0x40  Data  Gb  main.o [1]
Timing                  0x2001'00b8      0x1c  Data  Lc  stm32746g_discovery_sdram.o [1]
TxData                  0x2003'5cf4       0x8  Data  Gb  main.o [1]
TxHeader                0x2003'5cdc      0x18  Data  Gb  main.o [1]
TxMailbox               0x2003'5d1c       0x4  Data  Gb  main.o [1]
UsageFault_Handler        0x21'18fd       0x2  Code  Gb  stm32f7xx_it.o [1]
VPack                   0x2003'5d10       0x2  Data  Gb  main.o [1]
Vcellmax                0x2003'5d12       0x2  Data  Gb  main.o [1]
Vcellmin                0x2003'5d14       0x2  Data  Gb  main.o [1]
WM_Activate               0x20'6a9f       0xc  Code  Gb  WM.o [2]
WM_BringToBottom          0x20'75cb      0x7c  Code  Gb  WM_Lib.o [2]
WM_CreateWindowAsChild    0x20'663d     0x13c  Code  Gb  WM.o [2]
WM_DefaultProc            0x20'6aab      0x42  Code  Gb  WM.o [2]
WM_GetDesktopWindow       0x20'75bd       0xe  Code  Gb  WM_Lib.o [2]
WM_GetFirstChild          0x20'7647       0xe  Code  Gb  WM_Lib.o [2]
WM_GetParent              0x20'7661       0xe  Code  Gb  WM_Lib.o [2]
WM_GetWindowInfo::iWin  0x2003'5bc4       0x4  Data  Lc  WM.o [2]
WM_Init                   0x20'6b43      0xb0  Code  Gb  WM.o [2]
WM_Init::RegisterExit   0x2003'5bbc       0x8  Data  Lc  WM.o [2]
WM_InvalidateRect         0x20'65c7      0x72  Code  Gb  WM.o [2]
WM_InvalidateWindow       0x20'6639       0x4  Code  Gb  WM.o [2]
WM_InvalidateWindowAndDescsEx
                          0x20'6319      0x54  Code  Gb  WM.o [2]
WM_MULTIBUF__pAPI       0x2003'5ba4       0x4  Data  Gb  WM.o [2]
WM_SelectWindow           0x20'67a5      0x36  Code  Gb  WM.o [2]
WM_SendToParent           0x20'7675      0x1c  Code  Gb  WM_Lib.o [2]
WM_SetCreateFlags         0x20'7691       0x4  Code  Gb  WM_Lib.o [2]
WM__ActivateClipRect      0x20'61e9      0x40  Code  Gb  WM.o [2]
WM__AddCriticalHandle     0x20'7723       0xa  Code  Gb  WM__Private.o [2]
WM__Client2Screen         0x20'62bb      0x10  Code  Gb  WM.o [2]
WM__ClipAtParentBorders
                          0x20'61ab      0x3e  Code  Gb  WM.o [2]
WM__CreateFlags         0x2003'5b9c       0x4  Data  Gb  WM.o [2]
WM__FirstWin            0x2003'5b8c       0x4  Data  Gb  WM.o [2]
WM__GetClientRectEx       0x20'7735      0x20  Code  Gb  WM__Private.o [2]
WM__GetClientRectWin      0x20'65af      0x18  Code  Gb  WM.o [2]
WM__GetFirstSibling       0x20'76b1      0x10  Code  Gb  WM__Private.o [2]
WM__GetNextIVR            0x20'6927      0x36  Code  Gb  WM.o [2]
WM__GetPrevSibling        0x20'76c1      0x22  Code  Gb  WM__Private.o [2]
WM__GetTopLevelLayer      0x20'6779      0x18  Code  Gb  WM.o [2]
WM__InitIVRSearch         0x20'695d      0xda  Code  Gb  WM.o [2]
WM__InsertWindowIntoList
                          0x20'6229      0x92  Code  Gb  WM.o [2]
WM__InvalidLayerMask    0x2003'5b84       0x4  Data  Gb  WM.o [2]
WM__Invalidate1Abs        0x20'61a7       0x4  Code  Gb  WM.o [2]
WM__InvalidateDrawAndDescs
                          0x20'62cb      0x4e  Code  Gb  WM.o [2]
WM__InvalidateRect        0x20'6377      0x72  Code  Gb  WM.o [2]
WM__InvalidateRectEx      0x20'63e9       0x4  Code  Gb  WM.o [2]
WM__ModalLayer          0x2001'0124       0x4  Data  Gb  WM_Touch.o [2]
WM__NumInvalidWindows   0x2003'5b68       0x2  Data  Gb  WM.o [2]
WM__NumWindows          0x2003'5b66       0x2  Data  Gb  WM.o [2]
WM__PaintCallbackCnt    0x2003'5b64       0x1  Data  Gb  WM.o [2]
WM__RectIsNZ              0x20'63ed      0x1e  Code  Gb  WM.o [2]
WM__SelectTopLevelLayer
                          0x20'6791      0x14  Code  Gb  WM.o [2]
WM__SendMessage           0x20'76e3      0x3a  Code  Gb  WM__Private.o [2]
WM__SendMessage::_EntranceCnt
                        0x2003'5eb4       0x4  Data  Lc  WM__Private.o [2]
WM__SendMsgNoData         0x20'659d      0x12  Code  Gb  WM.o [2]
WM__TouchedLayer        0x2003'5b88       0x4  Data  Gb  WM.o [2]
WM__TransWindowCnt      0x2003'5ba8       0x4  Data  Gb  WM.o [2]
WM__aBkColor            0x2003'5b94       0x8  Data  Gb  WM.o [2]
WM__aCHWinLast          0x2003'5d78      0x10  Data  Gb  WM_Touch.o [2]
WM__aCHWinModal         0x2001'0114      0x10  Data  Gb  WM_Touch.o [2]
WM__aCHWinMouseOver     0x2003'5d88      0x10  Data  Gb  WM_Touch.o [2]
WM__ahCapture           0x2003'5b74       0x8  Data  Gb  WM.o [2]
WM__ahDesktopWin        0x2003'5b6c       0x8  Data  Gb  WM.o [2]
WM__ahWinFocus          0x2003'5b7c       0x8  Data  Gb  WM.o [2]
WM__hATransWindow       0x2003'5bac       0x4  Data  Gb  WM.o [2]
WM__hCreateStatic       0x2003'5eac       0x4  Data  Gb  WM.o [2]
WM__pExecGestures       0x2003'5bb0       0x4  Data  Gb  WM.o [2]
WM__pFirstCriticalHandle
                        0x2003'5b90       0x4  Data  Gb  WM.o [2]
WM_pfPollPID            0x2003'5ba0       0x4  Data  Gb  WM.o [2]
_Add                      0x21'03e9      0x34  Code  Lc  GUI_FillPolygon.o [2]
_AddFreeMemory            0x20'6ca3      0x8c  Code  Lc  GUI_Alloc.o [2]
_AddPoint                 0x21'041d      0x20  Code  Lc  GUI_FillPolygon.o [2]
_Alloc                    0x20'6eeb      0xea  Code  Lc  GUI_Alloc.o [2]
_CalcInterSectLin         0x20'fdfd      0x28  Code  Lc  GUI_Arc.o [2]
_CalcOrto                 0x20'fa51      0x50  Code  Lc  GUI_DrawLine.o [2]
_CalcSizeOfChar           0x21'19ad       0x4  Code  Lc  GUI_UC_EncodeNone.o [2]
_CalcX                    0x20'fddd      0x20  Code  Lc  GUI_Arc.o [2]
_ClipContext            0x2003'5b4c      0x18  Data  Lc  WM.o [2]
_Color2IndexBulk_M8888I
                          0x21'17cd      0x1e  Code  Lc  GUICC_M8888I.o [2]
_Color2Index_0            0x21'1639      0x50  Code  Lc  GUICC_0.o [2]
_Color2Index_M8888I       0x21'17a9      0x1e  Code  Lc  GUICC_M8888I.o [2]
_Config                 0x2003'5e68       0xc  Data  Lc  GUI_Alloc.o [2]
_CopyBuffer               0x20'9a1f      0x56  Code  Lc  GUIDRV_Lin_32.o [2]
_DeleteWindows          0x2003'5bb8       0x4  Data  Lc  WM.o [2]
_DesktopHandle2Index      0x20'60ad      0x1e  Code  Lc  WM.o [2]
_DispLine                 0x20'f6c7      0x7e  Code  Lc  GUI_CharLine.o [2]
_DoAlphaBlending          0x21'0f81      0x32  Code  Lc  GUIDEV_WriteToActiveAlpha.o [2]
_DrawArc                  0x20'fe25     0x234  Code  Lc  GUI_Arc.o [2]
_DrawBitLine16BPP         0x20'b905      0x4e  Code  Lc  GUIDEV_32.o [2]
_DrawBitLine1BPP          0x20'9d25      0xee  Code  Lc  GUIDRV_Lin_32.o [2]
_DrawBitLine1BPP          0x20'b98d     0x100  Code  Lc  GUIDEV_32.o [2]
_DrawBitLine2BPP          0x20'9e13      0x70  Code  Lc  GUIDRV_Lin_32.o [2]
_DrawBitLine2BPP          0x20'ba99      0xd8  Code  Lc  GUIDEV_32.o [2]
_DrawBitLine32BPP         0x20'9fdf      0x1a  Code  Lc  GUIDRV_Lin_32.o [2]
_DrawBitLine32BPP_DDB     0x20'b86d      0x98  Code  Lc  GUIDEV_32.o [2]
_DrawBitLine4BPP          0x20'9e8f      0x70  Code  Lc  GUIDRV_Lin_32.o [2]
_DrawBitLine4BPP          0x20'bb85     0x140  Code  Lc  GUIDEV_32.o [2]
_DrawBitLine8BPP          0x20'9f31      0x80  Code  Lc  GUIDRV_Lin_32.o [2]
_DrawBitLine8BPP          0x20'bcc5      0x5c  Code  Lc  GUIDEV_32.o [2]
_DrawBitLine8BPP_DDB      0x20'bd2d      0x56  Code  Lc  GUIDEV_32.o [2]
_DrawBitmap               0x20'a005     0x124  Code  Lc  GUIDRV_Lin_32.o [2]
_DrawBitmap               0x20'bd8f     0x164  Code  Lc  GUIDEV_32.o [2]
_DrawHLine                0x20'9d13       0x6  Code  Lc  GUIDRV_Lin_32.o [2]
_DrawHLine                0x20'bfcd       0xa  Code  Lc  GUIDEV_32.o [2]
_DrawLineEnd              0x20'faa1      0x12  Code  Lc  GUI_DrawLine.o [2]
_DrawVLine                0x20'9d19       0x6  Code  Lc  GUIDRV_Lin_32.o [2]
_DrawVLine                0x20'bfd7      0x9a  Code  Lc  GUIDEV_32.o [2]
_Encode                   0x21'19b1       0x6  Code  Lc  GUI_UC_EncodeNone.o [2]
_EnlargeBlocks            0x20'6dc7      0x8a  Code  Lc  GUI_Alloc.o [2]
_FillRect                 0x20'9ceb      0x28  Code  Lc  GUIDRV_Lin_32.o [2]
_FillRect                 0x20'bf2d      0xa0  Code  Lc  GUIDEV_32.o [2]
_FillRectOpt32            0x20'9bd3      0xc8  Code  Lc  GUIDRV_Lin_32.o [2]
_FindNext_IVR             0x20'67e1     0x12a  Code  Lc  WM.o [2]
_Findx0                   0x20'64b1      0x6c  Code  Lc  WM.o [2]
_Findx1                   0x20'652f      0x60  Code  Lc  WM.o [2]
_Findy1                   0x20'640b      0x96  Code  Lc  WM.o [2]
_GL_FP_Cnt              0x2003'5e24       0x4  Data  Lc  GUI_FillPolygon.o [2]
_GetCharCode              0x21'19a5       0x4  Code  Lc  GUI_UC_EncodeNone.o [2]
_GetCharSize              0x21'19a9       0x4  Code  Lc  GUI_UC_EncodeNone.o [2]
_GetDevData               0x20'a17d       0xa  Code  Lc  GUIDRV_Lin_32.o [2]
_GetDevData               0x20'c12f       0xc  Code  Lc  GUIDEV_32.o [2]
_GetDevFunc               0x20'a1fd      0x98  Code  Lc  GUIDRV_Lin_32.o [2]
_GetDevFunc               0x20'c13b       0xa  Code  Lc  GUIDEV_32.o [2]
_GetDevProp               0x20'a141      0x3c  Code  Lc  GUIDRV_Lin_32.o [2]
_GetDevProp               0x20'89cd      0x1e  Code  Lc  LCD_GetEx.o [2]
_GetDevProp               0x20'c159       0xa  Code  Lc  GUIDEV_32.o [2]
_GetIndex                 0x20'91d5       0xa  Code  Lc  GUI_MULTIBUF.o [2]
_GetIndexMask_0           0x21'16a7      0x4a  Code  Lc  GUICC_0.o [2]
_GetIndexMask_M8888I      0x21'17c7       0x6  Code  Lc  GUICC_M8888I.o [2]
_GetMaxValue              0x20'89eb      0x1e  Code  Lc  LCD_GetEx.o [2]
_GetMinIndex              0x20'6c49      0x18  Code  Lc  GUI_Alloc.o [2]
_GetPixelIndex            0x20'9cb5      0x10  Code  Lc  GUIDRV_Lin_32.o [2]
_GetPixelIndex            0x20'c0e1       0xe  Code  Lc  GUIDEV_32.o [2]
_GetPos                   0x20'9983      0x14  Code  Lc  GUIDRV_Lin_32.o [2]
_GetRect                  0x20'9855      0x16  Code  Lc  GUIDRV_Lin_32.o [2]
_GetRect                  0x20'c0ef      0x3a  Code  Lc  GUIDEV_32.o [2]
_HL_APIList               0x20'7ed4       0x8  Data  Lc  GUI_Core.o [2]
_Index2ColorBulk_M8888I
                          0x21'17eb      0x1e  Code  Lc  GUICC_M8888I.o [2]
_Index2Color_0            0x21'1689      0x1e  Code  Lc  GUICC_0.o [2]
_Init                     0x20'99b7      0x18  Code  Lc  GUIDRV_Lin_32.o [2]
_InitOnce                 0x20'6e51      0x7a  Code  Lc  GUI_Alloc.o [2]
_InitOnce                 0x20'9831      0x24  Code  Lc  GUIDRV_Lin_32.o [2]
_Invalidate1Abs           0x20'610f      0x98  Code  Lc  WM.o [2]
_IsInited               0x2003'5b65       0x1  Data  Lc  WM.o [2]
_IsInitialized          0x2003'5e4c       0x4  Data  Lc  GUI_Core.o [2]
_IsInitialized          0x2003'5e38       0x4  Data  Lc  GUI__Alpha.o [2]
_Key                    0x2001'0130       0x4  Data  Lc  GUI_OnKey.o [2]
_Log2VisBuffered          0x20'f6c5       0x2  Code  Lc  GUI_CharLine.o [2]
_NextDrawWin            0x2003'5bb4       0x4  Data  Lc  WM.o [2]
_NumColors              0x2001'0100       0x4  Data  Lc  LCD_Color.o [2]
_Off                      0x20'99d9       0xa  Code  Lc  GUIDRV_Lin_32.o [2]
_On                       0x20'99cf       0xa  Code  Lc  GUIDRV_Lin_32.o [2]
_OnExit                   0x20'7ca1      0x2c  Code  Lc  GUI_Core.o [2]
_OnExit                   0x20'91df      0x34  Code  Lc  GUI_MULTIBUF.o [2]
_OnExit                   0x20'828d      0x12  Code  Lc  LCD_Color.o [2]
_OnExit                   0x20'6aed      0x56  Code  Lc  WM.o [2]
_OnExit                   0x21'09c5      0x26  Code  Lc  GUI__Alpha.o [2]
_PushFreeBlock            0x20'6ecb      0x20  Code  Lc  GUI_Alloc.o [2]
_ReadRect                 0x20'a187      0x32  Code  Lc  GUIDRV_Lin_32.o [2]
_RegisterExit::RegisterExit
                        0x2003'5e74       0x8  Data  Lc  GUI_MULTIBUF.o [2]
_RemoveFreeBlock          0x20'6c71      0x32  Code  Lc  GUI_Alloc.o [2]
_RemoveHoles              0x20'6d35      0x92  Code  Lc  GUI_Alloc.o [2]
_SetAlpha                 0x20'9997      0x20  Code  Lc  GUIDRV_Lin_32.o [2]
_SetAlphaMode             0x20'99e3       0xc  Code  Lc  GUIDRV_Lin_32.o [2]
_SetBkColor               0x20'7799      0x1c  Code  Lc  LCD.o [2]
_SetChroma                0x20'99ff      0x20  Code  Lc  GUIDRV_Lin_32.o [2]
_SetChromaMode            0x20'99ef       0xa  Code  Lc  GUIDRV_Lin_32.o [2]
_SetClipRectUserIntersect
                          0x20'60cb      0x44  Code  Lc  WM.o [2]
_SetColor                 0x20'77b5      0x1c  Code  Lc  LCD.o [2]
_SetColorAPI              0x21'1aa0       0xc  Data  Lc  LCD.o [2]
_SetDevFunc               0x20'a1b9      0x44  Code  Lc  GUIDRV_Lin_32.o [2]
_SetDrawMode              0x20'77d1      0x24  Code  Lc  LCD.o [2]
_SetLineColor             0x20'f9d9      0x78  Code  Lc  GUI_DrawLine.o [2]
_SetOrg                   0x20'9a9d      0x8e  Code  Lc  GUIDRV_Lin_32.o [2]
_SetOrg                   0x20'c163       0x8  Code  Lc  GUIDEV_32.o [2]
_SetPixelIndex            0x20'9ca9       0xc  Code  Lc  GUIDRV_Lin_32.o [2]
_SetPixelIndex            0x20'c07b      0x14  Code  Lc  GUIDEV_32.o [2]
_SetPos                   0x20'988b      0xf8  Code  Lc  GUIDRV_Lin_32.o [2]
_SetSize                  0x20'9b8d      0x46  Code  Lc  GUIDRV_Lin_32.o [2]
_SetVRAMAddr              0x20'9b43      0x22  Code  Lc  GUIDRV_Lin_32.o [2]
_SetVSize                 0x20'9b65      0x20  Code  Lc  GUIDRV_Lin_32.o [2]
_SetVis                   0x20'986b      0x20  Code  Lc  GUIDRV_Lin_32.o [2]
_ShowBuffer               0x20'9a75      0x1e  Code  Lc  GUIDRV_Lin_32.o [2]
_SwapInt                  0x20'f8e5       0xa  Code  Lc  GUI_DrawLine.o [2]
_UseSingleFrame         0x2003'5ea8       0x4  Data  Lc  GUI_MULTIBUF.o [2]
[...]
acFont32B_ASCII_0065      0x20'35b8      0x40  Data  Lc  F32B_ASCII.o [2]
acFont32B_ASCII_0066      0x20'35f8      0x40  Data  Lc  F32B_ASCII.o [2]
acFont32B_ASCII_0067      0x20'3638      0x60  Data  Lc  F32B_ASCII.o [2]
acFont32B_ASCII_0068      0x20'3698      0x60  Data  Lc  F32B_ASCII.o [2]
acFont32B_ASCII_0069      0x20'36f8      0x20  Data  Lc  F32B_ASCII.o [2]
acFont32B_ASCII_006A      0x20'3718      0x20  Data  Lc  F32B_ASCII.o [2]
acFont32B_ASCII_006B      0x20'3738      0x40  Data  Lc  F32B_ASCII.o [2]
acFont32B_ASCII_006C      0x20'3778      0x20  Data  Lc  F32B_ASCII.o [2]
acFont32B_ASCII_006D      0x20'3798      0x80  Data  Lc  F32B_ASCII.o [2]
acFont32B_ASCII_006E      0x20'3818      0x60  Data  Lc  F32B_ASCII.o [2]
acFont32B_ASCII_006F      0x20'3878      0x60  Data  Lc  F32B_ASCII.o [2]
acFont32B_ASCII_0070      0x20'38d8      0x60  Data  Lc  F32B_ASCII.o [2]
acFont32B_ASCII_0071      0x20'3938      0x60  Data  Lc  F32B_ASCII.o [2]
acFont32B_ASCII_0072      0x20'3998      0x40  Data  Lc  F32B_ASCII.o [2]
acFont32B_ASCII_0073      0x20'39d8      0x40  Data  Lc  F32B_ASCII.o [2]
acFont32B_ASCII_0074      0x20'3a18      0x40  Data  Lc  F32B_ASCII.o [2]
acFont32B_ASCII_0075      0x20'3a58      0x60  Data  Lc  F32B_ASCII.o [2]
acFont32B_ASCII_0076      0x20'3ab8      0x40  Data  Lc  F32B_ASCII.o [2]
acFont32B_ASCII_0077      0x20'3af8      0x60  Data  Lc  F32B_ASCII.o [2]
acFont32B_ASCII_0078      0x20'3b58      0x40  Data  Lc  F32B_ASCII.o [2]
acFont32B_ASCII_0079      0x20'3b98      0x40  Data  Lc  F32B_ASCII.o [2]
acFont32B_ASCII_007A      0x20'3bd8      0x40  Data  Lc  F32B_ASCII.o [2]
acFont32B_ASCII_007B      0x20'3c18      0x40  Data  Lc  F32B_ASCII.o [2]
acFont32B_ASCII_007C      0x20'3c58      0x20  Data  Lc  F32B_ASCII.o [2]
acFont32B_ASCII_007D      0x20'3c78      0x40  Data  Lc  F32B_ASCII.o [2]
acFont32B_ASCII_007E      0x20'3cb8      0x40  Data  Lc  F32B_ASCII.o [2]
acGUI_Font20B_1_00A0      0x20'3ffc      0x14  Data  Lc  F20B_1.o [2]
acGUI_Font20B_1_00A1      0x20'4010      0x14  Data  Lc  F20B_1.o [2]
acGUI_Font20B_1_00A2      0x20'4024      0x28  Data  Lc  F20B_1.o [2]
acGUI_Font20B_1_00A3      0x20'404c      0x28  Data  Lc  F20B_1.o [2]
acGUI_Font20B_1_00A4      0x20'4074      0x28  Data  Lc  F20B_1.o [2]
acGUI_Font20B_1_00A5      0x20'409c      0x28  Data  Lc  F20B_1.o [2]
acGUI_Font20B_1_00A6      0x20'40c4      0x14  Data  Lc  F20B_1.o [2]
acGUI_Font20B_1_00A7      0x20'40d8      0x28  Data  Lc  F20B_1.o [2]
acGUI_Font20B_1_00A8      0x20'4100      0x14  Data  Lc  F20B_1.o [2]
acGUI_Font20B_1_00A9      0x20'4114      0x28  Data  Lc  F20B_1.o [2]
acGUI_Font20B_1_00AA      0x20'413c      0x14  Data  Lc  F20B_1.o [2]
acGUI_Font20B_1_00AB      0x20'4150      0x28  Data  Lc  F20B_1.o [2]
acGUI_Font20B_1_00AC      0x20'4178      0x28  Data  Lc  F20B_1.o [2]
acGUI_Font20B_1_00AD      0x20'41a0      0x14  Data  Lc  F20B_1.o [2]
acGUI_Font20B_1_00AE      0x20'41b4      0x28  Data  Lc  F20B_1.o [2]
acGUI_Font20B_1_00AF      0x20'41dc      0x28  Data  Lc  F20B_1.o [2]
acGUI_Font20B_1_00B0      0x20'4204      0x14  Data  Lc  F20B_1.o [2]
acGUI_Font20B_1_00B1      0x20'4218      0x28  Data  Lc  F20B_1.o [2]
acGUI_Font20B_1_00B2      0x20'4240      0x14  Data  Lc  F20B_1.o [2]
acGUI_Font20B_1_00B3      0x20'4254      0x14  Data  Lc  F20B_1.o [2]
acGUI_Font20B_1_00B4      0x20'4268      0x14  Data  Lc  F20B_1.o [2]
acGUI_Font20B_1_00B5      0x20'427c      0x28  Data  Lc  F20B_1.o [2]
acGUI_Font20B_1_00B6      0x20'42a4      0x28  Data  Lc  F20B_1.o [2]
acGUI_Font20B_1_00B7      0x20'42cc      0x14  Data  Lc  F20B_1.o [2]
acGUI_Font20B_1_00B8      0x20'42e0      0x14  Data  Lc  F20B_1.o [2]
acGUI_Font20B_1_00B9      0x20'42f4      0x14  Data  Lc  F20B_1.o [2]
acGUI_Font20B_1_00BA      0x20'4308      0x14  Data  Lc  F20B_1.o [2]
acGUI_Font20B_1_00BB      0x20'431c      0x28  Data  Lc  F20B_1.o [2]
acGUI_Font20B_1_00BC      0x20'4344      0x28  Data  Lc  F20B_1.o [2]
acGUI_Font20B_1_00BD      0x20'436c      0x28  Data  Lc  F20B_1.o [2]
acGUI_Font20B_1_00BE      0x20'4394      0x28  Data  Lc  F20B_1.o [2]
acGUI_Font20B_1_00BF      0x20'43bc      0x28  Data  Lc  F20B_1.o [2]
acGUI_Font20B_1_00C0      0x20'43e4      0x28  Data  Lc  F20B_1.o [2]
acGUI_Font20B_1_00C1      0x20'440c      0x28  Data  Lc  F20B_1.o [2]
acGUI_Font20B_1_00C2      0x20'4434      0x28  Data  Lc  F20B_1.o [2]
acGUI_Font20B_1_00C3      0x20'445c      0x28  Data  Lc  F20B_1.o [2]
acGUI_Font20B_1_00C4      0x20'4484      0x28  Data  Lc  F20B_1.o [2]
acGUI_Font20B_1_00C5      0x20'44ac      0x28  Data  Lc  F20B_1.o [2]
acGUI_Font20B_1_00C6      0x20'44d4      0x3c  Data  Lc  F20B_1.o [2]
acGUI_Font20B_1_00C7      0x20'4510      0x28  Data  Lc  F20B_1.o [2]
acGUI_Font20B_1_00C8      0x20'4538      0x28  Data  Lc  F20B_1.o [2]
acGUI_Font20B_1_00C9      0x20'4560      0x28  Data  Lc  F20B_1.o [2]
acGUI_Font20B_1_00CA      0x20'4588      0x28  Data  Lc  F20B_1.o [2]
acGUI_Font20B_1_00CB      0x20'45b0      0x28  Data  Lc  F20B_1.o [2]
acGUI_Font20B_1_00CC      0x20'45d8      0x14  Data  Lc  F20B_1.o [2]
acGUI_Font20B_1_00CD      0x20'45ec      0x14  Data  Lc  F20B_1.o [2]
acGUI_Font20B_1_00CE      0x20'4600      0x14  Data  Lc  F20B_1.o [2]
acGUI_Font20B_1_00CF      0x20'4614      0x14  Data  Lc  F20B_1.o [2]
acGUI_Font20B_1_00D0      0x20'4628      0x28  Data  Lc  F20B_1.o [2]
acGUI_Font20B_1_00D1      0x20'4650      0x28  Data  Lc  F20B_1.o [2]
acGUI_Font20B_1_00D2      0x20'4678      0x28  Data  Lc  F20B_1.o [2]
acGUI_Font20B_1_00D3      0x20'46a0      0x28  Data  Lc  F20B_1.o [2]
acGUI_Font20B_1_00D4      0x20'46c8      0x28  Data  Lc  F20B_1.o [2]
acGUI_Font20B_1_00D5      0x20'46f0      0x28  Data  Lc  F20B_1.o [2]
acGUI_Font20B_1_00D6      0x20'4718      0x28  Data  Lc  F20B_1.o [2]
acGUI_Font20B_1_00D7      0x20'4740      0x28  Data  Lc  F20B_1.o [2]
acGUI_Font20B_1_00D8      0x20'4768      0x28  Data  Lc  F20B_1.o [2]
acGUI_Font20B_1_00D9      0x20'4790      0x28  Data  Lc  F20B_1.o [2]
acGUI_Font20B_1_00DA      0x20'47b8      0x28  Data  Lc  F20B_1.o [2]
acGUI_Font20B_1_00DB      0x20'47e0      0x28  Data  Lc  F20B_1.o [2]
acGUI_Font20B_1_00DC      0x20'4808      0x28  Data  Lc  F20B_1.o [2]
acGUI_Font20B_1_00DD      0x20'4830      0x28  Data  Lc  F20B_1.o [2]
acGUI_Font20B_1_00DE      0x20'4858      0x28  Data  Lc  F20B_1.o [2]
acGUI_Font20B_1_00DF      0x20'4880      0x28  Data  Lc  F20B_1.o [2]
acGUI_Font20B_1_00E0      0x20'48a8      0x28  Data  Lc  F20B_1.o [2]
acGUI_Font20B_1_00E1      0x20'48d0      0x28  Data  Lc  F20B_1.o [2]
acGUI_Font20B_1_00E2      0x20'48f8      0x28  Data  Lc  F20B_1.o [2]
acGUI_Font20B_1_00E3      0x20'4920      0x28  Data  Lc  F20B_1.o [2]
acGUI_Font20B_1_00E4      0x20'4948      0x28  Data  Lc  F20B_1.o [2]
acGUI_Font20B_1_00E5      0x20'4970      0x28  Data  Lc  F20B_1.o [2]
acGUI_Font20B_1_00E6      0x20'4998      0x28  Data  Lc  F20B_1.o [2]
acGUI_Font20B_1_00E7      0x20'49c0      0x28  Data  Lc  F20B_1.o [2]
acGUI_Font20B_1_00E8      0x20'49e8      0x28  Data  Lc  F20B_1.o [2]
acGUI_Font20B_1_00E9      0x20'4a10      0x28  Data  Lc  F20B_1.o [2]
acGUI_Font20B_1_00EA      0x20'4a38      0x28  Data  Lc  F20B_1.o [2]
acGUI_Font20B_1_00EB      0x20'4a60      0x28  Data  Lc  F20B_1.o [2]
acGUI_Font20B_1_00EC      0x20'4a88      0x14  Data  Lc  F20B_1.o [2]
acGUI_Font20B_1_00ED      0x20'4a9c      0x14  Data  Lc  F20B_1.o [2]
acGUI_Font20B_1_00EE      0x20'4ab0      0x14  Data  Lc  F20B_1.o [2]
acGUI_Font20B_1_00EF      0x20'4ac4      0x14  Data  Lc  F20B_1.o [2]
acGUI_Font20B_1_00F0      0x20'4ad8      0x28  Data  Lc  F20B_1.o [2]
acGUI_Font20B_1_00F1      0x20'4b00      0x28  Data  Lc  F20B_1.o [2]
acGUI_Font20B_1_00F2      0x20'4b28      0x28  Data  Lc  F20B_1.o [2]
acGUI_Font20B_1_00F3      0x20'4b50      0x28  Data  Lc  F20B_1.o [2]
acGUI_Font20B_1_00F4      0x20'4b78      0x28  Data  Lc  F20B_1.o [2]
acGUI_Font20B_1_00F5      0x20'4ba0      0x28  Data  Lc  F20B_1.o [2]
acGUI_Font20B_1_00F6      0x20'4bc8      0x28  Data  Lc  F20B_1.o [2]
acGUI_Font20B_1_00F7      0x20'4bf0      0x28  Data  Lc  F20B_1.o [2]
acGUI_Font20B_1_00F8      0x20'4c18      0x28  Data  Lc  F20B_1.o [2]
acGUI_Font20B_1_00F9      0x20'4c40      0x28  Data  Lc  F20B_1.o [2]
acGUI_Font20B_1_00FA      0x20'4c68      0x28  Data  Lc  F20B_1.o [2]
acGUI_Font20B_1_00FB      0x20'4c90      0x28  Data  Lc  F20B_1.o [2]
acGUI_Font20B_1_00FC      0x20'4cb8      0x28  Data  Lc  F20B_1.o [2]
acGUI_Font20B_1_00FD      0x20'4ce0      0x28  Data  Lc  F20B_1.o [2]
acGUI_Font20B_1_00FE      0x20'4d08      0x28  Data  Lc  F20B_1.o [2]
acGUI_Font20B_1_00FF      0x20'4d30      0x28  Data  Lc  F20B_1.o [2]
acGUI_Font20B_ASCII_0020
                          0x20'5088      0x14  Data  Lc  F20B_ASCII.o [2]
acGUI_Font20B_ASCII_0021
                          0x20'509c      0x14  Data  Lc  F20B_ASCII.o [2]
acGUI_Font20B_ASCII_0022
                          0x20'50b0      0x28  Data  Lc  F20B_ASCII.o [2]
acGUI_Font20B_ASCII_0023
                          0x20'50d8      0x28  Data  Lc  F20B_ASCII.o [2]
acGUI_Font20B_ASCII_0024
                          0x20'5100      0x28  Data  Lc  F20B_ASCII.o [2]
acGUI_Font20B_ASCII_0025
                          0x20'5128      0x3c  Data  Lc  F20B_ASCII.o [2]
acGUI_Font20B_ASCII_0026
                          0x20'5164      0x28  Data  Lc  F20B_ASCII.o [2]
acGUI_Font20B_ASCII_0027
                          0x20'518c      0x14  Data  Lc  F20B_ASCII.o [2]
acGUI_Font20B_ASCII_0028
                          0x20'51a0      0x14  Data  Lc  F20B_ASCII.o [2]
acGUI_Font20B_ASCII_0029
                          0x20'51b4      0x14  Data  Lc  F20B_ASCII.o [2]
acGUI_Font20B_ASCII_002A
                          0x20'51c8      0x14  Data  Lc  F20B_ASCII.o [2]
acGUI_Font20B_ASCII_002B
                          0x20'51dc      0x28  Data  Lc  F20B_ASCII.o [2]
acGUI_Font20B_ASCII_002C
                          0x20'5204      0x14  Data  Lc  F20B_ASCII.o [2]
acGUI_Font20B_ASCII_002D
                          0x20'5218      0x14  Data  Lc  F20B_ASCII.o [2]
acGUI_Font20B_ASCII_002E
                          0x20'522c      0x14  Data  Lc  F20B_ASCII.o [2]
acGUI_Font20B_ASCII_002F
                          0x20'5240      0x14  Data  Lc  F20B_ASCII.o [2]
acGUI_Font20B_ASCII_0030
                          0x20'5254      0x28  Data  Lc  F20B_ASCII.o [2]
acGUI_Font20B_ASCII_0031
                          0x20'527c      0x28  Data  Lc  F20B_ASCII.o [2]
acGUI_Font20B_ASCII_0032
                          0x20'52a4      0x28  Data  Lc  F20B_ASCII.o [2]
acGUI_Font20B_ASCII_0033
                          0x20'52cc      0x28  Data  Lc  F20B_ASCII.o [2]
acGUI_Font20B_ASCII_0034
                          0x20'52f4      0x28  Data  Lc  F20B_ASCII.o [2]
acGUI_Font20B_ASCII_0035
                          0x20'531c      0x28  Data  Lc  F20B_ASCII.o [2]
acGUI_Font20B_ASCII_0036
                          0x20'5344      0x28  Data  Lc  F20B_ASCII.o [2]
acGUI_Font20B_ASCII_0037
                          0x20'536c      0x28  Data  Lc  F20B_ASCII.o [2]
acGUI_Font20B_ASCII_0038
                          0x20'5394      0x28  Data  Lc  F20B_ASCII.o [2]
acGUI_Font20B_ASCII_0039
                          0x20'53bc      0x28  Data  Lc  F20B_ASCII.o [2]
acGUI_Font20B_ASCII_003A
                          0x20'53e4      0x14  Data  Lc  F20B_ASCII.o [2]
acGUI_Font20B_ASCII_003B
                          0x20'53f8      0x14  Data  Lc  F20B_ASCII.o [2]
acGUI_Font20B_ASCII_003C
                          0x20'540c      0x28  Data  Lc  F20B_ASCII.o [2]
acGUI_Font20B_ASCII_003D
                          0x20'5434      0x28  Data  Lc  F20B_ASCII.o [2]
acGUI_Font20B_ASCII_003E
                          0x20'545c      0x28  Data  Lc  F20B_ASCII.o [2]
acGUI_Font20B_ASCII_003F
                          0x20'5484      0x28  Data  Lc  F20B_ASCII.o [2]
acGUI_Font20B_ASCII_0040
                          0x20'54ac      0x3c  Data  Lc  F20B_ASCII.o [2]
acGUI_Font20B_ASCII_0041
                          0x20'54e8      0x28  Data  Lc  F20B_ASCII.o [2]
acGUI_Font20B_ASCII_0042
                          0x20'5510      0x28  Data  Lc  F20B_ASCII.o [2]
acGUI_Font20B_ASCII_0043
                          0x20'5538      0x28  Data  Lc  F20B_ASCII.o [2]
acGUI_Font20B_ASCII_0044
                          0x20'5560      0x28  Data  Lc  F20B_ASCII.o [2]
acGUI_Font20B_ASCII_0045
                          0x20'5588      0x28  Data  Lc  F20B_ASCII.o [2]
acGUI_Font20B_ASCII_0046
                          0x20'55b0      0x28  Data  Lc  F20B_ASCII.o [2]
acGUI_Font20B_ASCII_0047
                          0x20'55d8      0x28  Data  Lc  F20B_ASCII.o [2]
acGUI_Font20B_ASCII_0048
                          0x20'5600      0x28  Data  Lc  F20B_ASCII.o [2]
acGUI_Font20B_ASCII_0049
                          0x20'5628      0x14  Data  Lc  F20B_ASCII.o [2]
acGUI_Font20B_ASCII_004A
                          0x20'563c      0x28  Data  Lc  F20B_ASCII.o [2]
acGUI_Font20B_ASCII_004B
                          0x20'5664      0x28  Data  Lc  F20B_ASCII.o [2]
acGUI_Font20B_ASCII_004C
                          0x20'568c      0x28  Data  Lc  F20B_ASCII.o [2]
acGUI_Font20B_ASCII_004D
                          0x20'56b4      0x28  Data  Lc  F20B_ASCII.o [2]
acGUI_Font20B_ASCII_004E
                          0x20'56dc      0x28  Data  Lc  F20B_ASCII.o [2]
acGUI_Font20B_ASCII_004F
                          0x20'5704      0x28  Data  Lc  F20B_ASCII.o [2]
acGUI_Font20B_ASCII_0050
                          0x20'572c      0x28  Data  Lc  F20B_ASCII.o [2]
acGUI_Font20B_ASCII_0051
                          0x20'5754      0x28  Data  Lc  F20B_ASCII.o [2]
acGUI_Font20B_ASCII_0052
                          0x20'577c      0x28  Data  Lc  F20B_ASCII.o [2]
acGUI_Font20B_ASCII_0053
                          0x20'57a4      0x28  Data  Lc  F20B_ASCII.o [2]
acGUI_Font20B_ASCII_0054
                          0x20'57cc      0x28  Data  Lc  F20B_ASCII.o [2]
acGUI_Font20B_ASCII_0055
                          0x20'57f4      0x28  Data  Lc  F20B_ASCII.o [2]
acGUI_Font20B_ASCII_0056
                          0x20'581c      0x28  Data  Lc  F20B_ASCII.o [2]
acGUI_Font20B_ASCII_0057
                          0x20'5844      0x3c  Data  Lc  F20B_ASCII.o [2]
acGUI_Font20B_ASCII_0058
                          0x20'5880      0x28  Data  Lc  F20B_ASCII.o [2]
acGUI_Font20B_ASCII_0059
                          0x20'58a8      0x28  Data  Lc  F20B_ASCII.o [2]
acGUI_Font20B_ASCII_005A
                          0x20'58d0      0x28  Data  Lc  F20B_ASCII.o [2]
acGUI_Font20B_ASCII_005B
                          0x20'58f8      0x14  Data  Lc  F20B_ASCII.o [2]
acGUI_Font20B_ASCII_005C
                          0x20'590c      0x14  Data  Lc  F20B_ASCII.o [2]
acGUI_Font20B_ASCII_005D
                          0x20'5920      0x14  Data  Lc  F20B_ASCII.o [2]
acGUI_Font20B_ASCII_005E
                          0x20'5934      0x28  Data  Lc  F20B_ASCII.o [2]
acGUI_Font20B_ASCII_005F
                          0x20'595c      0x28  Data  Lc  F20B_ASCII.o [2]
acGUI_Font20B_ASCII_0060
                          0x20'5984      0x14  Data  Lc  F20B_ASCII.o [2]
acGUI_Font20B_ASCII_0061
                          0x20'5998      0x28  Data  Lc  F20B_ASCII.o [2]
acGUI_Font20B_ASCII_0062
                          0x20'59c0      0x28  Data  Lc  F20B_ASCII.o [2]
acGUI_Font20B_ASCII_0063
                          0x20'59e8      0x28  Data  Lc  F20B_ASCII.o [2]
acGUI_Font20B_ASCII_0064
                          0x20'5a10      0x28  Data  Lc  F20B_ASCII.o [2]
acGUI_Font20B_ASCII_0065
                          0x20'5a38      0x28  Data  Lc  F20B_ASCII.o [2]
acGUI_Font20B_ASCII_0066
                          0x20'5a60      0x14  Data  Lc  F20B_ASCII.o [2]
acGUI_Font20B_ASCII_0067
                          0x20'5a74      0x28  Data  Lc  F20B_ASCII.o [2]
acGUI_Font20B_ASCII_0068
                          0x20'5a9c      0x28  Data  Lc  F20B_ASCII.o [2]
acGUI_Font20B_ASCII_0069
                          0x20'5ac4      0x14  Data  Lc  F20B_ASCII.o [2]
acGUI_Font20B_ASCII_006A
                          0x20'5ad8      0x14  Data  Lc  F20B_ASCII.o [2]
acGUI_Font20B_ASCII_006B
                          0x20'5aec      0x28  Data  Lc  F20B_ASCII.o [2]
acGUI_Font20B_ASCII_006C
                          0x20'5b14      0x14  Data  Lc  F20B_ASCII.o [2]
acGUI_Font20B_ASCII_006D
                          0x20'5b28      0x3c  Data  Lc  F20B_ASCII.o [2]
acGUI_Font20B_ASCII_006E
                          0x20'5b64      0x28  Data  Lc  F20B_ASCII.o [2]
acGUI_Font20B_ASCII_006F
                          0x20'5b8c      0x28  Data  Lc  F20B_ASCII.o [2]
acGUI_Font20B_ASCII_0070
                          0x20'5bb4      0x28  Data  Lc  F20B_ASCII.o [2]
acGUI_Font20B_ASCII_0071
                          0x20'5bdc      0x28  Data  Lc  F20B_ASCII.o [2]
acGUI_Font20B_ASCII_0072
                          0x20'5c04      0x14  Data  Lc  F20B_ASCII.o [2]
acGUI_Font20B_ASCII_0073
                          0x20'5c18      0x28  Data  Lc  F20B_ASCII.o [2]
acGUI_Font20B_ASCII_0074
                          0x20'5c40      0x14  Data  Lc  F20B_ASCII.o [2]
acGUI_Font20B_ASCII_0075
                          0x20'5c54      0x28  Data  Lc  F20B_ASCII.o [2]
acGUI_Font20B_ASCII_0076
                          0x20'5c7c      0x28  Data  Lc  F20B_ASCII.o [2]
acGUI_Font20B_ASCII_0077
                          0x20'5ca4      0x28  Data  Lc  F20B_ASCII.o [2]
acGUI_Font20B_ASCII_0078
                          0x20'5ccc      0x28  Data  Lc  F20B_ASCII.o [2]
acGUI_Font20B_ASCII_0079
                          0x20'5cf4      0x28  Data  Lc  F20B_ASCII.o [2]
acGUI_Font20B_ASCII_007A
                          0x20'5d1c      0x28  Data  Lc  F20B_ASCII.o [2]
acGUI_Font20B_ASCII_007B
                          0x20'5d44      0x14  Data  Lc  F20B_ASCII.o [2]
acGUI_Font20B_ASCII_007C
                          0x20'5d58      0x14  Data  Lc  F20B_ASCII.o [2]
acGUI_Font20B_ASCII_007D
                          0x20'5d6c      0x14  Data  Lc  F20B_ASCII.o [2]
acGUI_Font20B_ASCII_007E
                          0x20'5d80      0x28  Data  Lc  F20B_ASCII.o [2]
ceil                      0x21'081d            Code  Gb  ceil.o [4]
ceill                     0x21'081d            Code  Gb  ceil.o [4]
emWin_LCD_Init            0x20'7b81      0x98  Code  Gb  LCD.o [2]
exit                      0x21'1a3b       0x4  Code  Gb  exit.o [3]
floor                     0x21'08c1            Code  Gb  floor.o [4]
floorl                    0x21'08c1            Code  Gb  floor.o [4]
hdma2d                  0x2003'5c44      0x40  Data  Lc  LCDConf.o [1]
hltdc                   0x2003'5a20      0xa8  Data  Gb  LCDConf.o [1]
layer_prop              0x2003'5c28      0x1c  Data  Lc  LCDConf.o [1]
main                      0x20'e171     0x11e  Code  Gb  main.o [1]
memcpy                    0x21'1ab9       0xc  Code  Gb  memcpy.o [5]
memset                    0x21'1a7d      0x14  Code  Gb  memset.o [5]
sdramHandle             0x2001'0084      0x34  Data  Gb  stm32746g_discovery_sdram.o [1]
uwTick                  0x2001'013c       0x4  Data  Gb  stm32f7xx_hal.o [1]
uwTickFreq              0x2001'0138       0x1  Data  Gb  stm32f7xx_hal.o [1]
uwTickPrio              0x2001'0140       0x4  Data  Gb  stm32f7xx_hal.o [1]


[1] = C:\Users\Nathan\Desktop\Formula SAE (Desktop Only)\File from Messenger\STM32Cube_FW_F7_V1.9.0\Projects\STM32746G-Discovery\Applications\STemWin\STemWin_HelloWorld\EWARM\STM32746G_DISCOVERY\Obj
[2] = STemWin540_CM7_IAR.a
[3] = dl7M_tlf.a
[4] = m7M_tls.a
[5] = rt7M_tl.a
[6] = shb_l.a

   36'840 bytes of readonly  code memory
   35'998 bytes of readonly  data memory
  163'519 bytes of readwrite data memory

Errors: none
Warnings: 1
